Archive member included to satisfy reference by file (symbol)

c:/users/xiaol/modustoolbox/tools_3.2/gcc/bin/../lib/gcc/arm-none-eabi/11.3.1/thumb/v7e-m+fp/hard\libm.a(libm_a-wf_asin.o)
                              C:/Users/xiaol/mtw32_matchbox_150/motor_ctrl_app/Build/TARGET-GCC/CustomRFO/REF_MTR_48V30A_GaN/Custom/ext/mtb_shared/motor-ctrl-lib/release-v4.5.0/OperationalCode/Params.o (asinf)
c:/users/xiaol/modustoolbox/tools_3.2/gcc/bin/../lib/gcc/arm-none-eabi/11.3.1/thumb/v7e-m+fp/hard\libm.a(libm_a-sf_atan.o)
                              C:/Users/xiaol/mtw32_matchbox_150/motor_ctrl_app/Build/TARGET-GCC/CustomRFO/REF_MTR_48V30A_GaN/Custom/ext/mtb_shared/motor-ctrl-lib/release-v4.5.0/OperationalCode/Params.o (atanf)
c:/users/xiaol/modustoolbox/tools_3.2/gcc/bin/../lib/gcc/arm-none-eabi/11.3.1/thumb/v7e-m+fp/hard\libm.a(libm_a-sf_fabs.o)
                              c:/users/xiaol/modustoolbox/tools_3.2/gcc/bin/../lib/gcc/arm-none-eabi/11.3.1/thumb/v7e-m+fp/hard\libm.a(libm_a-wf_asin.o) (fabsf)
c:/users/xiaol/modustoolbox/tools_3.2/gcc/bin/../lib/gcc/arm-none-eabi/11.3.1/thumb/v7e-m+fp/hard\libm.a(libm_a-sf_sin.o)
                              C:/Users/xiaol/mtw32_matchbox_150/motor_ctrl_app/Build/TARGET-GCC/CustomRFO/REF_MTR_48V30A_GaN/Custom/ext/mtb_shared/motor-ctrl-lib/release-v4.5.0/OperationalCode/Params.o (sinf)
c:/users/xiaol/modustoolbox/tools_3.2/gcc/bin/../lib/gcc/arm-none-eabi/11.3.1/thumb/v7e-m+fp/hard\libm.a(libm_a-sf_nan.o)
                              c:/users/xiaol/modustoolbox/tools_3.2/gcc/bin/../lib/gcc/arm-none-eabi/11.3.1/thumb/v7e-m+fp/hard\libm.a(libm_a-wf_asin.o) (nanf)
c:/users/xiaol/modustoolbox/tools_3.2/gcc/bin/../lib/gcc/arm-none-eabi/11.3.1/thumb/v7e-m+fp/hard\libm.a(libm_a-kf_cos.o)
                              c:/users/xiaol/modustoolbox/tools_3.2/gcc/bin/../lib/gcc/arm-none-eabi/11.3.1/thumb/v7e-m+fp/hard\libm.a(libm_a-sf_sin.o) (__kernel_cosf)
c:/users/xiaol/modustoolbox/tools_3.2/gcc/bin/../lib/gcc/arm-none-eabi/11.3.1/thumb/v7e-m+fp/hard\libm.a(libm_a-kf_sin.o)
                              c:/users/xiaol/modustoolbox/tools_3.2/gcc/bin/../lib/gcc/arm-none-eabi/11.3.1/thumb/v7e-m+fp/hard\libm.a(libm_a-sf_sin.o) (__kernel_sinf)
c:/users/xiaol/modustoolbox/tools_3.2/gcc/bin/../lib/gcc/arm-none-eabi/11.3.1/thumb/v7e-m+fp/hard\libm.a(libm_a-ef_asin.o)
                              c:/users/xiaol/modustoolbox/tools_3.2/gcc/bin/../lib/gcc/arm-none-eabi/11.3.1/thumb/v7e-m+fp/hard\libm.a(libm_a-wf_asin.o) (__ieee754_asinf)
c:/users/xiaol/modustoolbox/tools_3.2/gcc/bin/../lib/gcc/arm-none-eabi/11.3.1/thumb/v7e-m+fp/hard\libm.a(libm_a-ef_rem_pio2.o)
                              c:/users/xiaol/modustoolbox/tools_3.2/gcc/bin/../lib/gcc/arm-none-eabi/11.3.1/thumb/v7e-m+fp/hard\libm.a(libm_a-sf_sin.o) (__ieee754_rem_pio2f)
c:/users/xiaol/modustoolbox/tools_3.2/gcc/bin/../lib/gcc/arm-none-eabi/11.3.1/thumb/v7e-m+fp/hard\libm.a(libm_a-ef_sqrt.o)
                              c:/users/xiaol/modustoolbox/tools_3.2/gcc/bin/../lib/gcc/arm-none-eabi/11.3.1/thumb/v7e-m+fp/hard\libm.a(libm_a-ef_asin.o) (__ieee754_sqrtf)
c:/users/xiaol/modustoolbox/tools_3.2/gcc/bin/../lib/gcc/arm-none-eabi/11.3.1/thumb/v7e-m+fp/hard\libm.a(libm_a-kf_rem_pio2.o)
                              c:/users/xiaol/modustoolbox/tools_3.2/gcc/bin/../lib/gcc/arm-none-eabi/11.3.1/thumb/v7e-m+fp/hard\libm.a(libm_a-ef_rem_pio2.o) (__kernel_rem_pio2f)
c:/users/xiaol/modustoolbox/tools_3.2/gcc/bin/../lib/gcc/arm-none-eabi/11.3.1/thumb/v7e-m+fp/hard\libm.a(libm_a-sf_scalbn.o)
                              c:/users/xiaol/modustoolbox/tools_3.2/gcc/bin/../lib/gcc/arm-none-eabi/11.3.1/thumb/v7e-m+fp/hard\libm.a(libm_a-kf_rem_pio2.o) (scalbnf)
c:/users/xiaol/modustoolbox/tools_3.2/gcc/bin/../lib/gcc/arm-none-eabi/11.3.1/thumb/v7e-m+fp/hard\libm.a(libm_a-sf_floor.o)
                              c:/users/xiaol/modustoolbox/tools_3.2/gcc/bin/../lib/gcc/arm-none-eabi/11.3.1/thumb/v7e-m+fp/hard\libm.a(libm_a-kf_rem_pio2.o) (floorf)
c:/users/xiaol/modustoolbox/tools_3.2/gcc/bin/../lib/gcc/arm-none-eabi/11.3.1/thumb/v7e-m+fp/hard\libg_nano.a(libc_a-nano-vfprintf_float.o)
                              C:/Users/xiaol/mtw32_matchbox_150/motor_ctrl_app/Build/TARGET-GCC/CustomRFO/REF_MTR_48V30A_GaN/Custom/ext/mtb_shared/retarget-io-cat3/release-v1.1.0/cy_retarget_io.o (_printf_float)
c:/users/xiaol/modustoolbox/tools_3.2/gcc/bin/../lib/gcc/arm-none-eabi/11.3.1/thumb/v7e-m+fp/hard\libg_nano.a(libc_a-nano-vfprintf_i.o)
                              c:/users/xiaol/modustoolbox/tools_3.2/gcc/bin/../lib/gcc/arm-none-eabi/11.3.1/thumb/v7e-m+fp/hard\libg_nano.a(libc_a-nano-vfprintf_float.o) (_printf_common)
c:/users/xiaol/modustoolbox/tools_3.2/gcc/bin/../lib/gcc/arm-none-eabi/11.3.1/thumb/v7e-m+fp/hard\libg_nano.a(libc_a-nano-vfscanf_float.o)
[...]
Memory Configuration

Name             Origin             Length             Attributes
FLASH_0_cached   0x08000000         0x00010000         xr
FLASH_0_uncached 0x0c000000         0x00010000         xr
FLASH_EEPROM_cached 0x08010000         0x00010000         rw
FLASH_EEPROM_uncached 0x0c010000         0x00010000         rw
FLASH_1_cached   0x08020000         0x00020000         xr
FLASH_1_uncached 0x0c020000         0x00020000         xr
PSRAM_1          0x1fffc000         0x00004000         !xr
DSRAM_1_system   0x20000000         0x00006000         !xr
SRAM_combined    0x1fffc000         0x0000a000         !xr
*default*        0x00000000         0xffffffff

Linker script and memory map

LOAD C:/Users/xiaol/mtw32_matchbox_150/motor_ctrl_app/Build/TARGET-GCC/CustomRFO/REF_MTR_48V30A_GaN/Custom/bsps/TARGET_REF_MTR_48V30A_GaN/config/GeneratedSource/cycfg.o
LOAD C:/Users/xiaol/mtw32_matchbox_150/motor_ctrl_app/Build/TARGET-GCC/CustomRFO/REF_MTR_48V30A_GaN/Custom/bsps/TARGET_REF_MTR_48V30A_GaN/config/GeneratedSource/cycfg_dmas.o
LOAD C:/Users/xiaol/mtw32_matchbox_150/motor_ctrl_app/Build/TARGET-GCC/CustomRFO/REF_MTR_48V30A_GaN/Custom/bsps/TARGET_REF_MTR_48V30A_GaN/config/GeneratedSource/cycfg_peripherals.o
LOAD C:/Users/xiaol/mtw32_matchbox_150/motor_ctrl_app/Build/TARGET-GCC/CustomRFO/REF_MTR_48V30A_GaN/Custom/bsps/TARGET_REF_MTR_48V30A_GaN/config/GeneratedSource/cycfg_pins.o
LOAD C:/Users/xiaol/mtw32_matchbox_150/motor_ctrl_app/Build/TARGET-GCC/CustomRFO/REF_MTR_48V30A_GaN/Custom/bsps/TARGET_REF_MTR_48V30A_GaN/config/GeneratedSource/cycfg_system.o
LOAD C:/Users/xiaol/mtw32_matchbox_150/motor_ctrl_app/Build/TARGET-GCC/CustomRFO/REF_MTR_48V30A_GaN/Custom/bsps/TARGET_REF_MTR_48V30A_GaN/config/MotorCtrlHWConfig.o
LOAD C:/Users/xiaol/mtw32_matchbox_150/motor_ctrl_app/Build/TARGET-GCC/CustomRFO/REF_MTR_48V30A_GaN/Custom/bsps/TARGET_REF_MTR_48V30A_GaN/cybsp.o
LOAD C:/Users/xiaol/mtw32_matchbox_150/motor_ctrl_app/Build/TARGET-GCC/CustomRFO/REF_MTR_48V30A_GaN/Custom/main.o
LOAD C:/Users/xiaol/mtw32_matchbox_150/motor_ctrl_app/Build/TARGET-GCC/CustomRFO/REF_MTR_48V30A_GaN/Custom/ext/mtb_shared/mtb-xmclib-cat3/release-v4.3.0/CMSIS/Infineon/COMPONENT_XMC4200/Source/TOOLCHAIN_GCC_ARM/startup_XMC4200.o
LOAD C:/Users/xiaol/mtw32_matchbox_150/motor_ctrl_app/Build/TARGET-GCC/CustomRFO/REF_MTR_48V30A_GaN/Custom/ext/mtb_shared/mtb-xmclib-cat3/release-v4.3.0/XMCLib/src/COMPONENT_CM4/TOOLCHAIN_GCC_ARM/xmc_common_gcc.o
LOAD C:/Users/xiaol/mtw32_matchbox_150/motor_ctrl_app/Build/TARGET-GCC/CustomRFO/REF_MTR_48V30A_GaN/Custom/ext/mtb_shared/motor-ctrl-lib/release-v4.5.0/HwInterface/CAN.o
LOAD C:/Users/xiaol/mtw32_matchbox_150/motor_ctrl_app/Build/TARGET-GCC/CustomRFO/REF_MTR_48V30A_GaN/Custom/ext/mtb_shared/motor-ctrl-lib/release-v4.5.0/HwInterface/HardwareIface.o
LOAD C:/Users/xiaol/mtw32_matchbox_150/motor_ctrl_app/Build/TARGET-GCC/CustomRFO/REF_MTR_48V30A_GaN/Custom/ext/mtb_shared/motor-ctrl-lib/release-v4.5.0/HwInterface/MCU.o
LOAD C:/Users/xiaol/mtw32_matchbox_150/motor_ctrl_app/Build/TARGET-GCC/CustomRFO/REF_MTR_48V30A_GaN/Custom/ext/mtb_shared/motor-ctrl-lib/release-v4.5.0/HwInterface/SGD.o
LOAD C:/Users/xiaol/mtw32_matchbox_150/motor_ctrl_app/Build/TARGET-GCC/CustomRFO/REF_MTR_48V30A_GaN/Custom/ext/mtb_shared/motor-ctrl-lib/release-v4.5.0/OperationalCode/Biquad.o
LOAD C:/Users/xiaol/mtw32_matchbox_150/motor_ctrl_app/Build/TARGET-GCC/CustomRFO/REF_MTR_48V30A_GaN/Custom/ext/mtb_shared/motor-ctrl-lib/release-v4.5.0/OperationalCode/BlockComm.o
LOAD C:/Users/xiaol/mtw32_matchbox_150/motor_ctrl_app/Build/TARGET-GCC/CustomRFO/REF_MTR_48V30A_GaN/Custom/ext/mtb_shared/motor-ctrl-lib/release-v4.5.0/OperationalCode/Controller.o
LOAD C:/Users/xiaol/mtw32_matchbox_150/motor_ctrl_app/Build/TARGET-GCC/CustomRFO/REF_MTR_48V30A_GaN/Custom/ext/mtb_shared/motor-ctrl-lib/release-v4.5.0/OperationalCode/CtrlFilts.o
LOAD C:/Users/xiaol/mtw32_matchbox_150/motor_ctrl_app/Build/TARGET-GCC/CustomRFO/REF_MTR_48V30A_GaN/Custom/ext/mtb_shared/motor-ctrl-lib/release-v4.5.0/OperationalCode/CtrlVars.o
LOAD C:/Users/xiaol/mtw32_matchbox_150/motor_ctrl_app/Build/TARGET-GCC/CustomRFO/REF_MTR_48V30A_GaN/Custom/ext/mtb_shared/motor-ctrl-lib/release-v4.5.0/OperationalCode/CurrentCtrl.o
LOAD C:/Users/xiaol/mtw32_matchbox_150/motor_ctrl_app/Build/TARGET-GCC/CustomRFO/REF_MTR_48V30A_GaN/Custom/ext/mtb_shared/motor-ctrl-lib/release-v4.5.0/OperationalCode/DeltaCtrl.o
LOAD C:/Users/xiaol/mtw32_matchbox_150/motor_ctrl_app/Build/TARGET-GCC/CustomRFO/REF_MTR_48V30A_GaN/Custom/ext/mtb_shared/motor-ctrl-lib/release-v4.5.0/OperationalCode/FaultProtect.o
LOAD C:/Users/xiaol/mtw32_matchbox_150/motor_ctrl_app/Build/TARGET-GCC/CustomRFO/REF_MTR_48V30A_GaN/Custom/ext/mtb_shared/motor-ctrl-lib/release-v4.5.0/OperationalCode/FcnExeHandler.o
LOAD C:/Users/xiaol/mtw32_matchbox_150/motor_ctrl_app/Build/TARGET-GCC/CustomRFO/REF_MTR_48V30A_GaN/Custom/ext/mtb_shared/motor-ctrl-lib/release-v4.5.0/OperationalCode/FluxCtrl.o
LOAD C:/Users/xiaol/mtw32_matchbox_150/motor_ctrl_app/Build/TARGET-GCC/CustomRFO/REF_MTR_48V30A_GaN/Custom/ext/mtb_shared/motor-ctrl-lib/release-v4.5.0/OperationalCode/FluxWeaken.o
LOAD C:/Users/xiaol/mtw32_matchbox_150/motor_ctrl_app/Build/TARGET-GCC/CustomRFO/REF_MTR_48V30A_GaN/Custom/ext/mtb_shared/motor-ctrl-lib/release-v4.5.0/OperationalCode/General.o
LOAD C:/Users/xiaol/mtw32_matchbox_150/motor_ctrl_app/Build/TARGET-GCC/CustomRFO/REF_MTR_48V30A_GaN/Custom/ext/mtb_shared/motor-ctrl-lib/release-v4.5.0/OperationalCode/HallSensor.o
LOAD C:/Users/xiaol/mtw32_matchbox_150/motor_ctrl_app/Build/TARGET-GCC/CustomRFO/REF_MTR_48V30A_GaN/Custom/ext/mtb_shared/motor-ctrl-lib/release-v4.5.0/OperationalCode/HighFreqInj.o
LOAD C:/Users/xiaol/mtw32_matchbox_150/motor_ctrl_app/Build/TARGET-GCC/CustomRFO/REF_MTR_48V30A_GaN/Custom/ext/mtb_shared/motor-ctrl-lib/release-v4.5.0/OperationalCode/MotorProfiler.o
LOAD C:/Users/xiaol/mtw32_matchbox_150/motor_ctrl_app/Build/TARGET-GCC/CustomRFO/REF_MTR_48V30A_GaN/Custom/ext/mtb_shared/motor-ctrl-lib/release-v4.5.0/OperationalCode/Observer.o
LOAD C:/Users/xiaol/mtw32_matchbox_150/motor_ctrl_app/Build/TARGET-GCC/CustomRFO/REF_MTR_48V30A_GaN/Custom/ext/mtb_shared/motor-ctrl-lib/release-v4.5.0/OperationalCode/PLL.o
LOAD C:/Users/xiaol/mtw32_matchbox_150/motor_ctrl_app/Build/TARGET-GCC/CustomRFO/REF_MTR_48V30A_GaN/Custom/ext/mtb_shared/motor-ctrl-lib/release-v4.5.0/OperationalCode/Params.o
LOAD C:/Users/xiaol/mtw32_matchbox_150/motor_ctrl_app/Build/TARGET-GCC/CustomRFO/REF_MTR_48V30A_GaN/Custom/ext/mtb_shared/motor-ctrl-lib/release-v4.5.0/OperationalCode/PhaseAdvance.o
LOAD C:/Users/xiaol/mtw32_matchbox_150/motor_ctrl_app/Build/TARGET-GCC/CustomRFO/REF_MTR_48V30A_GaN/Custom/ext/mtb_shared/motor-ctrl-lib/release-v4.5.0/OperationalCode/ResonantFilt.o
LOAD C:/Users/xiaol/mtw32_matchbox_150/motor_ctrl_app/Build/TARGET-GCC/CustomRFO/REF_MTR_48V30A_GaN/Custom/ext/mtb_shared/motor-ctrl-lib/release-v4.5.0/OperationalCode/SensorIface.o
LOAD C:/Users/xiaol/mtw32_matchbox_150/motor_ctrl_app/Build/TARGET-GCC/CustomRFO/REF_MTR_48V30A_GaN/Custom/ext/mtb_shared/motor-ctrl-lib/release-v4.5.0/OperationalCode/SixPulseInj.o
LOAD C:/Users/xiaol/mtw32_matchbox_150/motor_ctrl_app/Build/TARGET-GCC/CustomRFO/REF_MTR_48V30A_GaN/Custom/ext/mtb_shared/motor-ctrl-lib/release-v4.5.0/OperationalCode/SpeedCtrl.o
LOAD C:/Users/xiaol/mtw32_matchbox_150/motor_ctrl_app/Build/TARGET-GCC/CustomRFO/REF_MTR_48V30A_GaN/Custom/ext/mtb_shared/motor-ctrl-lib/release-v4.5.0/OperationalCode/StateMachine.o
LOAD C:/Users/xiaol/mtw32_matchbox_150/motor_ctrl_app/Build/TARGET-GCC/CustomRFO/REF_MTR_48V30A_GaN/Custom/ext/mtb_shared/motor-ctrl-lib/release-v4.5.0/OperationalCode/TrapComm.o
LOAD C:/Users/xiaol/mtw32_matchbox_150/motor_ctrl_app/Build/TARGET-GCC/CustomRFO/REF_MTR_48V30A_GaN/Custom/ext/mtb_shared/motor-ctrl-lib/release-v4.5.0/OperationalCode/Trq.o
LOAD C:/Users/xiaol/mtw32_matchbox_150/motor_ctrl_app/Build/TARGET-GCC/CustomRFO/REF_MTR_48V30A_GaN/Custom/ext/mtb_shared/motor-ctrl-lib/release-v4.5.0/OperationalCode/VoltCtrl.o
LOAD C:/Users/xiaol/mtw32_matchbox_150/motor_ctrl_app/Build/TARGET-GCC/CustomRFO/REF_MTR_48V30A_GaN/Custom/ext/mtb_shared/motor-ctrl-lib/release-v4.5.0/OperationalCode/VoltMod.o
LOAD C:/Users/xiaol/mtw32_matchbox_150/motor_ctrl_app/Build/TARGET-GCC/CustomRFO/REF_MTR_48V30A_GaN/Custom/ext/mtb_shared/motor-ctrl-lib/release-v4.5.0/ThirdPartyLib/probescope/probe_scope.o
LOAD C:/Users/xiaol/mtw32_matchbox_150/motor_ctrl_app/Build/TARGET-GCC/CustomRFO/REF_MTR_48V30A_GaN/Custom/ext/mtb_shared/mtb-xmc-emeeprom/release-v1.0.0/source/xmc1_e_eeprom.o
LOAD C:/Users/xiaol/mtw32_matchbox_150/motor_ctrl_app/Build/TARGET-GCC/CustomRFO/REF_MTR_48V30A_GaN/Custom/ext/mtb_shared/mtb-xmc-emeeprom/release-v1.0.0/source/xmc4_e_eeprom.o
LOAD C:/Users/xiaol/mtw32_matchbox_150/motor_ctrl_app/Build/TARGET-GCC/CustomRFO/REF_MTR_48V30A_GaN/Custom/ext/mtb_shared/mtb-xmc-emeeprom/release-v1.0.0/source/xmc_crc_sw.o
LOAD C:/Users/xiaol/mtw32_matchbox_150/motor_ctrl_app/Build/TARGET-GCC/CustomRFO/REF_MTR_48V30A_GaN/Custom/ext/mtb_shared/mtb-xmc-emeeprom/release-v1.0.0/source/xmc_crc_sw_conf.o
LOAD C:/Users/xiaol/mtw32_matchbox_150/motor_ctrl_app/Build/TARGET-GCC/CustomRFO/REF_MTR_48V30A_GaN/Custom/ext/mtb_shared/mtb-xmclib-cat3/release-v4.3.0/CMSIS/Infineon/COMPONENT_XMC4200/Source/system_XMC4200.o
LOAD C:/Users/xiaol/mtw32_matchbox_150/motor_ctrl_app/Build/TARGET-GCC/CustomRFO/REF_MTR_48V30A_GaN/Custom/ext/mtb_shared/mtb-xmclib-cat3/release-v4.3.0/Newlib/syscalls.o
LOAD C:/Users/xiaol/mtw32_matchbox_150/motor_ctrl_app/Build/TARGET-GCC/CustomRFO/REF_MTR_48V30A_GaN/Custom/ext/mtb_shared/mtb-xmclib-cat3/release-v4.3.0/XMCLib/src/xmc1_eru.o
LOAD C:/Users/xiaol/mtw32_matchbox_150/motor_ctrl_app/Build/TARGET-GCC/CustomRFO/REF_MTR_48V30A_GaN/Custom/ext/mtb_shared/mtb-xmclib-cat3/release-v4.3.0/XMCLib/src/xmc1_flash.o
LOAD C:/Users/xiaol/mtw32_matchbox_150/motor_ctrl_app/Build/TARGET-GCC/CustomRFO/REF_MTR_48V30A_GaN/Custom/ext/mtb_shared/mtb-xmclib-cat3/release-v4.3.0/XMCLib/src/xmc1_gpio.o
LOAD C:/Users/xiaol/mtw32_matchbox_150/motor_ctrl_app/Build/TARGET-GCC/CustomRFO/REF_MTR_48V30A_GaN/Custom/ext/mtb_shared/mtb-xmclib-cat3/release-v4.3.0/XMCLib/src/xmc1_rtc.o
LOAD C:/Users/xiaol/mtw32_matchbox_150/motor_ctrl_app/Build/TARGET-GCC/CustomRFO/REF_MTR_48V30A_GaN/Custom/ext/mtb_shared/mtb-xmclib-cat3/release-v4.3.0/XMCLib/src/xmc1_scu.o
LOAD C:/Users/xiaol/mtw32_matchbox_150/motor_ctrl_app/Build/TARGET-GCC/CustomRFO/REF_MTR_48V30A_GaN/Custom/ext/mtb_shared/mtb-xmclib-cat3/release-v4.3.0/XMCLib/src/xmc4_eru.o
LOAD C:/Users/xiaol/mtw32_matchbox_150/motor_ctrl_app/Build/TARGET-GCC/CustomRFO/REF_MTR_48V30A_GaN/Custom/ext/mtb_shared/mtb-xmclib-cat3/release-v4.3.0/XMCLib/src/xmc4_flash.o
LOAD C:/Users/xiaol/mtw32_matchbox_150/motor_ctrl_app/Build/TARGET-GCC/CustomRFO/REF_MTR_48V30A_GaN/Custom/ext/mtb_shared/mtb-xmclib-cat3/release-v4.3.0/XMCLib/src/xmc4_gpio.o
LOAD C:/Users/xiaol/mtw32_matchbox_150/motor_ctrl_app/Build/TARGET-GCC/CustomRFO/REF_MTR_48V30A_GaN/Custom/ext/mtb_shared/mtb-xmclib-cat3/release-v4.3.0/XMCLib/src/xmc4_rtc.o
LOAD C:/Users/xiaol/mtw32_matchbox_150/motor_ctrl_app/Build/TARGET-GCC/CustomRFO/REF_MTR_48V30A_GaN/Custom/ext/mtb_shared/mtb-xmclib-cat3/release-v4.3.0/XMCLib/src/xmc4_scu.o
LOAD C:/Users/xiaol/mtw32_matchbox_150/motor_ctrl_app/Build/TARGET-GCC/CustomRFO/REF_MTR_48V30A_GaN/Custom/ext/mtb_shared/mtb-xmclib-cat3/release-v4.3.0/XMCLib/src/xmc_acmp.o
LOAD C:/Users/xiaol/mtw32_matchbox_150/motor_ctrl_app/Build/TARGET-GCC/CustomRFO/REF_MTR_48V30A_GaN/Custom/ext/mtb_shared/mtb-xmclib-cat3/release-v4.3.0/XMCLib/src/xmc_bccu.o
LOAD C:/Users/xiaol/mtw32_matchbox_150/motor_ctrl_app/Build/TARGET-GCC/CustomRFO/REF_MTR_48V30A_GaN/Custom/ext/mtb_shared/mtb-xmclib-cat3/release-v4.3.0/XMCLib/src/xmc_can.o
LOAD C:/Users/xiaol/mtw32_matchbox_150/motor_ctrl_app/Build/TARGET-GCC/CustomRFO/REF_MTR_48V30A_GaN/Custom/ext/mtb_shared/mtb-xmclib-cat3/release-v4.3.0/XMCLib/src/xmc_ccu4.o
LOAD C:/Users/xiaol/mtw32_matchbox_150/motor_ctrl_app/Build/TARGET-GCC/CustomRFO/REF_MTR_48V30A_GaN/Custom/ext/mtb_shared/mtb-xmclib-cat3/release-v4.3.0/XMCLib/src/xmc_ccu8.o
LOAD C:/Users/xiaol/mtw32_matchbox_150/motor_ctrl_app/Build/TARGET-GCC/CustomRFO/REF_MTR_48V30A_GaN/Custom/ext/mtb_shared/mtb-xmclib-cat3/release-v4.3.0/XMCLib/src/xmc_common.o
LOAD C:/Users/xiaol/mtw32_matchbox_150/motor_ctrl_app/Build/TARGET-GCC/CustomRFO/REF_MTR_48V30A_GaN/Custom/ext/mtb_shared/mtb-xmclib-cat3/release-v4.3.0/XMCLib/src/xmc_dac.o
LOAD C:/Users/xiaol/mtw32_matchbox_150/motor_ctrl_app/Build/TARGET-GCC/CustomRFO/REF_MTR_48V30A_GaN/Custom/ext/mtb_shared/mtb-xmclib-cat3/release-v4.3.0/XMCLib/src/xmc_dma.o
LOAD C:/Users/xiaol/mtw32_matchbox_150/motor_ctrl_app/Build/TARGET-GCC/CustomRFO/REF_MTR_48V30A_GaN/Custom/ext/mtb_shared/mtb-xmclib-cat3/release-v4.3.0/XMCLib/src/xmc_dsd.o
LOAD C:/Users/xiaol/mtw32_matchbox_150/motor_ctrl_app/Build/TARGET-GCC/CustomRFO/REF_MTR_48V30A_GaN/Custom/ext/mtb_shared/mtb-xmclib-cat3/release-v4.3.0/XMCLib/src/xmc_ebu.o
LOAD C:/Users/xiaol/mtw32_matchbox_150/motor_ctrl_app/Build/TARGET-GCC/CustomRFO/REF_MTR_48V30A_GaN/Custom/ext/mtb_shared/mtb-xmclib-cat3/release-v4.3.0/XMCLib/src/xmc_ecat.o
LOAD C:/Users/xiaol/mtw32_matchbox_150/motor_ctrl_app/Build/TARGET-GCC/CustomRFO/REF_MTR_48V30A_GaN/Custom/ext/mtb_shared/mtb-xmclib-cat3/release-v4.3.0/XMCLib/src/xmc_eru.o
LOAD C:/Users/xiaol/mtw32_matchbox_150/motor_ctrl_app/Build/TARGET-GCC/CustomRFO/REF_MTR_48V30A_GaN/Custom/ext/mtb_shared/mtb-xmclib-cat3/release-v4.3.0/XMCLib/src/xmc_eth_mac.o
LOAD C:/Users/xiaol/mtw32_matchbox_150/motor_ctrl_app/Build/TARGET-GCC/CustomRFO/REF_MTR_48V30A_GaN/Custom/ext/mtb_shared/mtb-xmclib-cat3/release-v4.3.0/XMCLib/src/xmc_eth_phy_dp83848.o
LOAD C:/Users/xiaol/mtw32_matchbox_150/motor_ctrl_app/Build/TARGET-GCC/CustomRFO/REF_MTR_48V30A_GaN/Custom/ext/mtb_shared/mtb-xmclib-cat3/release-v4.3.0/XMCLib/src/xmc_eth_phy_ksz8031rnl.o
LOAD C:/Users/xiaol/mtw32_matchbox_150/motor_ctrl_app/Build/TARGET-GCC/CustomRFO/REF_MTR_48V30A_GaN/Custom/ext/mtb_shared/mtb-xmclib-cat3/release-v4.3.0/XMCLib/src/xmc_eth_phy_ksz8081rnb.o
LOAD C:/Users/xiaol/mtw32_matchbox_150/motor_ctrl_app/Build/TARGET-GCC/CustomRFO/REF_MTR_48V30A_GaN/Custom/ext/mtb_shared/mtb-xmclib-cat3/release-v4.3.0/XMCLib/src/xmc_fce.o
LOAD C:/Users/xiaol/mtw32_matchbox_150/motor_ctrl_app/Build/TARGET-GCC/CustomRFO/REF_MTR_48V30A_GaN/Custom/ext/mtb_shared/mtb-xmclib-cat3/release-v4.3.0/XMCLib/src/xmc_gpio.o
LOAD C:/Users/xiaol/mtw32_matchbox_150/motor_ctrl_app/Build/TARGET-GCC/CustomRFO/REF_MTR_48V30A_GaN/Custom/ext/mtb_shared/mtb-xmclib-cat3/release-v4.3.0/XMCLib/src/xmc_hrpwm.o
LOAD C:/Users/xiaol/mtw32_matchbox_150/motor_ctrl_app/Build/TARGET-GCC/CustomRFO/REF_MTR_48V30A_GaN/Custom/ext/mtb_shared/mtb-xmclib-cat3/release-v4.3.0/XMCLib/src/xmc_i2c.o
LOAD C:/Users/xiaol/mtw32_matchbox_150/motor_ctrl_app/Build/TARGET-GCC/CustomRFO/REF_MTR_48V30A_GaN/Custom/ext/mtb_shared/mtb-xmclib-cat3/release-v4.3.0/XMCLib/src/xmc_i2s.o
LOAD C:/Users/xiaol/mtw32_matchbox_150/motor_ctrl_app/Build/TARGET-GCC/CustomRFO/REF_MTR_48V30A_GaN/Custom/ext/mtb_shared/mtb-xmclib-cat3/release-v4.3.0/XMCLib/src/xmc_ledts.o
LOAD C:/Users/xiaol/mtw32_matchbox_150/motor_ctrl_app/Build/TARGET-GCC/CustomRFO/REF_MTR_48V30A_GaN/Custom/ext/mtb_shared/mtb-xmclib-cat3/release-v4.3.0/XMCLib/src/xmc_math.o
LOAD C:/Users/xiaol/mtw32_matchbox_150/motor_ctrl_app/Build/TARGET-GCC/CustomRFO/REF_MTR_48V30A_GaN/Custom/ext/mtb_shared/mtb-xmclib-cat3/release-v4.3.0/XMCLib/src/xmc_pau.o
LOAD C:/Users/xiaol/mtw32_matchbox_150/motor_ctrl_app/Build/TARGET-GCC/CustomRFO/REF_MTR_48V30A_GaN/Custom/ext/mtb_shared/mtb-xmclib-cat3/release-v4.3.0/XMCLib/src/xmc_posif.o
LOAD C:/Users/xiaol/mtw32_matchbox_150/motor_ctrl_app/Build/TARGET-GCC/CustomRFO/REF_MTR_48V30A_GaN/Custom/ext/mtb_shared/mtb-xmclib-cat3/release-v4.3.0/XMCLib/src/xmc_prng.o
LOAD C:/Users/xiaol/mtw32_matchbox_150/motor_ctrl_app/Build/TARGET-GCC/CustomRFO/REF_MTR_48V30A_GaN/Custom/ext/mtb_shared/mtb-xmclib-cat3/release-v4.3.0/XMCLib/src/xmc_rtc.o
LOAD C:/Users/xiaol/mtw32_matchbox_150/motor_ctrl_app/Build/TARGET-GCC/CustomRFO/REF_MTR_48V30A_GaN/Custom/ext/mtb_shared/mtb-xmclib-cat3/release-v4.3.0/XMCLib/src/xmc_sdmmc.o
LOAD C:/Users/xiaol/mtw32_matchbox_150/motor_ctrl_app/Build/TARGET-GCC/CustomRFO/REF_MTR_48V30A_GaN/Custom/ext/mtb_shared/mtb-xmclib-cat3/release-v4.3.0/XMCLib/src/xmc_spi.o
LOAD C:/Users/xiaol/mtw32_matchbox_150/motor_ctrl_app/Build/TARGET-GCC/CustomRFO/REF_MTR_48V30A_GaN/Custom/ext/mtb_shared/mtb-xmclib-cat3/release-v4.3.0/XMCLib/src/xmc_uart.o
LOAD C:/Users/xiaol/mtw32_matchbox_150/motor_ctrl_app/Build/TARGET-GCC/CustomRFO/REF_MTR_48V30A_GaN/Custom/ext/mtb_shared/mtb-xmclib-cat3/release-v4.3.0/XMCLib/src/xmc_usbd.o
LOAD C:/Users/xiaol/mtw32_matchbox_150/motor_ctrl_app/Build/TARGET-GCC/CustomRFO/REF_MTR_48V30A_GaN/Custom/ext/mtb_shared/mtb-xmclib-cat3/release-v4.3.0/XMCLib/src/xmc_usbh.o
LOAD C:/Users/xiaol/mtw32_matchbox_150/motor_ctrl_app/Build/TARGET-GCC/CustomRFO/REF_MTR_48V30A_GaN/Custom/ext/mtb_shared/mtb-xmclib-cat3/release-v4.3.0/XMCLib/src/xmc_usic.o
LOAD C:/Users/xiaol/mtw32_matchbox_150/motor_ctrl_app/Build/TARGET-GCC/CustomRFO/REF_MTR_48V30A_GaN/Custom/ext/mtb_shared/mtb-xmclib-cat3/release-v4.3.0/XMCLib/src/xmc_vadc.o
LOAD C:/Users/xiaol/mtw32_matchbox_150/motor_ctrl_app/Build/TARGET-GCC/CustomRFO/REF_MTR_48V30A_GaN/Custom/ext/mtb_shared/mtb-xmclib-cat3/release-v4.3.0/XMCLib/src/xmc_wdt.o
LOAD C:/Users/xiaol/mtw32_matchbox_150/motor_ctrl_app/Build/TARGET-GCC/CustomRFO/REF_MTR_48V30A_GaN/Custom/ext/mtb_shared/retarget-io-cat3/release-v1.1.0/cy_retarget_io.o
START GROUP
END GROUP
LOAD c:/users/xiaol/modustoolbox/tools_3.2/gcc/bin/../lib/gcc/arm-none-eabi/11.3.1/thumb/v7e-m+fp/hard\libstdc++_nano.a
LOAD c:/users/xiaol/modustoolbox/tools_3.2/gcc/bin/../lib/gcc/arm-none-eabi/11.3.1/thumb/v7e-m+fp/hard\libm.a
START GROUP
LOAD c:/users/xiaol/modustoolbox/tools_3.2/gcc/bin/../lib/gcc/arm-none-eabi/11.3.1/thumb/v7e-m+fp/hard\libgcc.a
LOAD c:/users/xiaol/modustoolbox/tools_3.2/gcc/bin/../lib/gcc/arm-none-eabi/11.3.1/thumb/v7e-m+fp/hard\libg_nano.a
LOAD c:/users/xiaol/modustoolbox/tools_3.2/gcc/bin/../lib/gcc/arm-none-eabi/11.3.1/thumb/v7e-m+fp/hard\libc_nano.a
END GROUP
START GROUP
LOAD c:/users/xiaol/modustoolbox/tools_3.2/gcc/bin/../lib/gcc/arm-none-eabi/11.3.1/thumb/v7e-m+fp/hard\libgcc.a
LOAD c:/users/xiaol/modustoolbox/tools_3.2/gcc/bin/../lib/gcc/arm-none-eabi/11.3.1/thumb/v7e-m+fp/hard\libc_nano.a
END GROUP
START GROUP
LOAD c:/users/xiaol/modustoolbox/tools_3.2/gcc/bin/../lib/gcc/arm-none-eabi/11.3.1/thumb/v7e-m+fp/hard\libgcc.a
LOAD c:/users/xiaol/modustoolbox/tools_3.2/gcc/bin/../lib/gcc/arm-none-eabi/11.3.1/thumb/v7e-m+fp/hard\libc.a
LOAD c:/users/xiaol/modustoolbox/tools_3.2/gcc/bin/../lib/gcc/arm-none-eabi/11.3.1/thumb/v7e-m+fp/hard\libnosys.a
END GROUP
                0x00000800                stack_size = DEFINED (stack_size)?stack_size:0x800
                0x00000040                no_init_size = 0x40

.reset          0x08000000      0x29c load address 0x0c000000
 *(.reset)
 .reset         0x08000000      0x29c C:/Users/xiaol/mtw32_matchbox_150/motor_ctrl_app/Build/TARGET-GCC/CustomRFO/REF_MTR_48V30A_GaN/Custom/ext/mtb_shared/mtb-xmclib-cat3/release-v4.3.0/CMSIS/Infineon/COMPONENT_XMC4200/Source/TOOLCHAIN_GCC_ARM/startup_XMC4200.o
                0x08000000                __Vectors
                0x08000200                Reset_Handler
                0x08000298                cy_toolchain_init
                0x0800029a                VADC0_C0_0_IRQHandler
                0x0800029a                CAN0_4_IRQHandler
                0x0800029a                USIC0_5_IRQHandler
                0x0800029a                POSIF0_0_IRQHandler
                0x0800029a                HardFault_Handler
                0x0800029a                VADC0_G1_1_IRQHandler
                0x0800029a                SysTick_Handler
                0x0800029a                PendSV_Handler
                0x0800029a                NMI_Handler
                0x0800029a                USIC1_3_IRQHandler
                0x0800029a                DebugMon_Handler
                0x0800029a                SCU_0_IRQHandler
                0x0800029a                ERU0_0_IRQHandler
                0x0800029a                CCU41_0_IRQHandler
                0x0800029a                USIC1_5_IRQHandler
                0x0800029a                CCU80_1_IRQHandler
                0x0800029a                HRPWM_0_IRQHandler
                0x0800029a                HRPWM_1_IRQHandler
                0x0800029a                UsageFault_Handler
                0x0800029a                USIC0_0_IRQHandler
                0x0800029a                ERU0_2_IRQHandler
                0x0800029a                ERU1_1_IRQHandler
                0x0800029a                ERU0_3_IRQHandler
                0x0800029a                CCU40_2_IRQHandler
                0x0800029a                CAN0_6_IRQHandler
                0x0800029a                VADC0_G0_1_IRQHandler
                0x0800029a                USIC1_1_IRQHandler
                0x0800029a                CCU40_0_IRQHandler
                0x0800029a                CAN0_0_IRQHandler
                0x0800029a                ERU1_0_IRQHandler
                0x0800029a                HRPWM_3_IRQHandler
                0x0800029a                Default_Handler
                0x0800029a                USIC1_4_IRQHandler
                0x0800029a                ERU1_3_IRQHandler
                0x0800029a                USIC1_0_IRQHandler
                0x0800029a                POSIF0_1_IRQHandler
                0x0800029a                VADC0_G0_0_IRQHandler
                0x0800029a                CCU80_3_IRQHandler
                0x0800029a                CCU41_3_IRQHandler
                0x0800029a                CCU80_2_IRQHandler
                0x0800029a                VADC0_G0_3_IRQHandler
                0x0800029a                PMU0_0_IRQHandler
                0x0800029a                CAN0_7_IRQHandler
                0x0800029a                CCU41_2_IRQHandler
                0x0800029a                VADC0_C0_1_IRQHandler
                0x0800029a                MemManage_Handler
                0x0800029a                DAC0_0_IRQHandler
                0x0800029a                SVC_Handler
                0x0800029a                ERU1_2_IRQHandler
                0x0800029a                CCU41_1_IRQHandler
                0x0800029a                VADC0_C0_3_IRQHandler
                0x0800029a                VADC0_G1_2_IRQHandler
                0x0800029a                CAN0_2_IRQHandler
                0x0800029a                VADC0_G0_2_IRQHandler
                0x0800029a                CAN0_3_IRQHandler
                0x0800029a                USIC0_3_IRQHandler
                0x0800029a                HRPWM_2_IRQHandler
                0x0800029a                VADC0_C0_2_IRQHandler
                0x0800029a                FCE0_0_IRQHandler
                0x0800029a                VADC0_G1_0_IRQHandler
                0x0800029a                USB0_0_IRQHandler
                0x0800029a                CAN0_5_IRQHandler
                0x0800029a                CCU80_0_IRQHandler
                0x0800029a                CCU40_1_IRQHandler
                0x0800029a                USIC0_1_IRQHandler
                0x0800029a                BusFault_Handler
                0x0800029a                LEDTS0_0_IRQHandler
                0x0800029a                USIC0_4_IRQHandler
                0x0800029a                ERU0_1_IRQHandler
                0x0800029a                USIC1_2_IRQHandler
                0x0800029a                CAN0_1_IRQHandler
                0x0800029a                USIC0_2_IRQHandler
                0x0800029a                DAC0_1_IRQHandler

.em_eeprom      0x08010000        0x0 load address 0x0c010000
                0x08010000                Em_Eeprom_Storage = .
 *(.em_eeprom)

.text           0x08020000     0x8cf8 load address 0x0c020000
                0x08020000                sText = .
 *(.text .text.* .gnu.linkonce.t.*)
 .text.init_cycfg_all
                0x08020000       0x14 C:/Users/xiaol/mtw32_matchbox_150/motor_ctrl_app/Build/TARGET-GCC/CustomRFO/REF_MTR_48V30A_GaN/Custom/bsps/TARGET_REF_MTR_48V30A_GaN/config/GeneratedSource/cycfg.o
                0x08020000                init_cycfg_all
 .text.init_cycfg_dmas
                0x08020014       0x4c C:/Users/xiaol/mtw32_matchbox_150/motor_ctrl_app/Build/TARGET-GCC/CustomRFO/REF_MTR_48V30A_GaN/Custom/bsps/TARGET_REF_MTR_48V30A_GaN/config/GeneratedSource/cycfg_dmas.o
                0x08020014                init_cycfg_dmas
 .text.init_cycfg_peripherals
                0x08020060      0x6e0 C:/Users/xiaol/mtw32_matchbox_150/motor_ctrl_app/Build/TARGET-GCC/CustomRFO/REF_MTR_48V30A_GaN/Custom/bsps/TARGET_REF_MTR_48V30A_GaN/config/GeneratedSource/cycfg_peripherals.o
                0x08020060                init_cycfg_peripherals
 .text.init_cycfg_pins
                0x08020740      0x2a4 C:/Users/xiaol/mtw32_matchbox_150/motor_ctrl_app/Build/TARGET-GCC/CustomRFO/REF_MTR_48V30A_GaN/Custom/bsps/TARGET_REF_MTR_48V30A_GaN/config/GeneratedSource/cycfg_pins.o
                0x08020740                init_cycfg_pins
 .text.SystemCoreClockSetup
                0x080209e4       0x3c C:/Users/xiaol/mtw32_matchbox_150/motor_ctrl_app/Build/TARGET-GCC/CustomRFO/REF_MTR_48V30A_GaN/Custom/bsps/TARGET_REF_MTR_48V30A_GaN/config/GeneratedSource/cycfg_system.o
                0x080209e4                SystemCoreClockSetup
 .text.OSCHP_GetFrequency
                0x08020a20        0x8 C:/Users/xiaol/mtw32_matchbox_150/motor_ctrl_app/Build/TARGET-GCC/CustomRFO/REF_MTR_48V30A_GaN/Custom/bsps/TARGET_REF_MTR_48V30A_GaN/config/GeneratedSource/cycfg_system.o
                0x08020a20                OSCHP_GetFrequency
 .text.MCU_RoutingConfigMUXA
                0x08020a28        0x4 C:/Users/xiaol/mtw32_matchbox_150/motor_ctrl_app/Build/TARGET-GCC/CustomRFO/REF_MTR_48V30A_GaN/Custom/bsps/TARGET_REF_MTR_48V30A_GaN/config/MotorCtrlHWConfig.o
                0x08020a28                MCU_RoutingConfigMUXA
 .text.MCU_RoutingConfigMUXB
                0x08020a2c       0x18 C:/Users/xiaol/mtw32_matchbox_150/motor_ctrl_app/Build/TARGET-GCC/CustomRFO/REF_MTR_48V30A_GaN/Custom/bsps/TARGET_REF_MTR_48V30A_GaN/config/MotorCtrlHWConfig.o
                0x08020a2c                MCU_RoutingConfigMUXB
 .text.MCU_DisableTimerReload
                0x08020a44       0x4c C:/Users/xiaol/mtw32_matchbox_150/motor_ctrl_app/Build/TARGET-GCC/CustomRFO/REF_MTR_48V30A_GaN/Custom/bsps/TARGET_REF_MTR_48V30A_GaN/config/MotorCtrlHWConfig.o
                0x08020a44                MCU_DisableTimerReload
 .text.cybsp_init
                0x08020a90        0xc C:/Users/xiaol/mtw32_matchbox_150/motor_ctrl_app/Build/TARGET-GCC/CustomRFO/REF_MTR_48V30A_GaN/Custom/bsps/TARGET_REF_MTR_48V30A_GaN/cybsp.o
                0x08020a90                cybsp_init
 .text.startup.main
                0x08020a9c       0x88 C:/Users/xiaol/mtw32_matchbox_150/motor_ctrl_app/Build/TARGET-GCC/CustomRFO/REF_MTR_48V30A_GaN/Custom/main.o
                0x08020a9c                main
 *fill*         0x08020b24        0x4 
 .text          0x08020b28       0x20 C:/Users/xiaol/mtw32_matchbox_150/motor_ctrl_app/Build/TARGET-GCC/CustomRFO/REF_MTR_48V30A_GaN/Custom/ext/mtb_shared/mtb-xmclib-cat3/release-v4.3.0/XMCLib/src/COMPONENT_CM4/TOOLCHAIN_GCC_ARM/xmc_common_gcc.o
                0x08020b28                XMC_DelayCycles
                0x08020b3a                XMC_EnterCriticalSection
                0x08020b42                XMC_ExitCriticalSection
 .text.CAN_Comm_RunISR1
                0x08020b48       0x24 C:/Users/xiaol/mtw32_matchbox_150/motor_ctrl_app/Build/TARGET-GCC/CustomRFO/REF_MTR_48V30A_GaN/Custom/ext/mtb_shared/motor-ctrl-lib/release-v4.5.0/HwInterface/CAN.o
                0x08020b48                CAN_Comm_RunISR1
 .text.HW_IFACE_Init
                0x08020b6c        0x4 C:/Users/xiaol/mtw32_matchbox_150/motor_ctrl_app/Build/TARGET-GCC/CustomRFO/REF_MTR_48V30A_GaN/Custom/ext/mtb_shared/motor-ctrl-lib/release-v4.5.0/HwInterface/HardwareIface.o
                0x08020b6c                HW_IFACE_Init
 .text.HW_IFACE_ConnectFcnPointers
                0x08020b70       0x60 C:/Users/xiaol/mtw32_matchbox_150/motor_ctrl_app/Build/TARGET-GCC/CustomRFO/REF_MTR_48V30A_GaN/Custom/ext/mtb_shared/motor-ctrl-lib/release-v4.5.0/HwInterface/HardwareIface.o
                0x08020b70                HW_IFACE_ConnectFcnPointers
 .text.CCU40_3_IRQHandler
                0x08020bd0      0x120 C:/Users/xiaol/mtw32_matchbox_150/motor_ctrl_app/Build/TARGET-GCC/CustomRFO/REF_MTR_48V30A_GaN/Custom/ext/mtb_shared/motor-ctrl-lib/release-v4.5.0/HwInterface/MCU.o
                0x08020bd0                CCU40_3_IRQHandler
 .text.MCU_EnterCriticalSection
                0x08020cf0       0x10 C:/Users/xiaol/mtw32_matchbox_150/motor_ctrl_app/Build/TARGET-GCC/CustomRFO/REF_MTR_48V30A_GaN/Custom/ext/mtb_shared/motor-ctrl-lib/release-v4.5.0/HwInterface/MCU.o
                0x08020cf0                MCU_EnterCriticalSection
 .text.MCU_ExitCriticalSection
                0x08020d00        0xc C:/Users/xiaol/mtw32_matchbox_150/motor_ctrl_app/Build/TARGET-GCC/CustomRFO/REF_MTR_48V30A_GaN/Custom/ext/mtb_shared/motor-ctrl-lib/release-v4.5.0/HwInterface/MCU.o
                0x08020d00                MCU_ExitCriticalSection
 .text.MCU_GateDriverEnterHighZ
                0x08020d0c       0x6c C:/Users/xiaol/mtw32_matchbox_150/motor_ctrl_app/Build/TARGET-GCC/CustomRFO/REF_MTR_48V30A_GaN/Custom/ext/mtb_shared/motor-ctrl-lib/release-v4.5.0/HwInterface/MCU.o
                0x08020d0c                MCU_GateDriverEnterHighZ
 .text.MCU_GateDriverExitHighZ
                0x08020d78       0x48 C:/Users/xiaol/mtw32_matchbox_150/motor_ctrl_app/Build/TARGET-GCC/CustomRFO/REF_MTR_48V30A_GaN/Custom/ext/mtb_shared/motor-ctrl-lib/release-v4.5.0/HwInterface/MCU.o
                0x08020d78                MCU_GateDriverExitHighZ
 .text.MCU_InitADCs
                0x08020dc0       0xb4 C:/Users/xiaol/mtw32_matchbox_150/motor_ctrl_app/Build/TARGET-GCC/CustomRFO/REF_MTR_48V30A_GaN/Custom/ext/mtb_shared/motor-ctrl-lib/release-v4.5.0/HwInterface/MCU.o
                0x08020dc0                MCU_InitADCs
 .text.MCU_InitTimers
                0x08020e74      0x1c8 C:/Users/xiaol/mtw32_matchbox_150/motor_ctrl_app/Build/TARGET-GCC/CustomRFO/REF_MTR_48V30A_GaN/Custom/ext/mtb_shared/motor-ctrl-lib/release-v4.5.0/HwInterface/MCU.o
                0x08020e74                MCU_InitTimers
 .text.MCU_Init
                0x0802103c       0xc0 C:/Users/xiaol/mtw32_matchbox_150/motor_ctrl_app/Build/TARGET-GCC/CustomRFO/REF_MTR_48V30A_GaN/Custom/ext/mtb_shared/motor-ctrl-lib/release-v4.5.0/HwInterface/MCU.o
                0x0802103c                MCU_Init
 .text.MCU_StartPeripherals
                0x080210fc       0xc4 C:/Users/xiaol/mtw32_matchbox_150/motor_ctrl_app/Build/TARGET-GCC/CustomRFO/REF_MTR_48V30A_GaN/Custom/ext/mtb_shared/motor-ctrl-lib/release-v4.5.0/HwInterface/MCU.o
                0x080210fc                MCU_StartPeripherals
 .text.MCU_StopPeripherals
                0x080211c0       0xf0 C:/Users/xiaol/mtw32_matchbox_150/motor_ctrl_app/Build/TARGET-GCC/CustomRFO/REF_MTR_48V30A_GaN/Custom/ext/mtb_shared/motor-ctrl-lib/release-v4.5.0/HwInterface/MCU.o
                0x080211c0                MCU_StopPeripherals
 .text.MCU_FlashWriteParams
                0x080212b0       0x44 C:/Users/xiaol/mtw32_matchbox_150/motor_ctrl_app/Build/TARGET-GCC/CustomRFO/REF_MTR_48V30A_GaN/Custom/ext/mtb_shared/motor-ctrl-lib/release-v4.5.0/HwInterface/MCU.o
                0x080212b0                MCU_FlashWriteParams
 .text.MCU_FlashReadParams
                0x080212f4       0x5c C:/Users/xiaol/mtw32_matchbox_150/motor_ctrl_app/Build/TARGET-GCC/CustomRFO/REF_MTR_48V30A_GaN/Custom/ext/mtb_shared/motor-ctrl-lib/release-v4.5.0/HwInterface/MCU.o
                0x080212f4                MCU_FlashReadParams
 .text.BIQUAD_ContinuousInit
                0x08021350       0xa0 C:/Users/xiaol/mtw32_matchbox_150/motor_ctrl_app/Build/TARGET-GCC/CustomRFO/REF_MTR_48V30A_GaN/Custom/ext/mtb_shared/motor-ctrl-lib/release-v4.5.0/OperationalCode/Biquad.o
                0x08021350                BIQUAD_ContinuousInit
 .text.BIQUAD_PoleZeroInit
                0x080213f0       0x80 C:/Users/xiaol/mtw32_matchbox_150/motor_ctrl_app/Build/TARGET-GCC/CustomRFO/REF_MTR_48V30A_GaN/Custom/ext/mtb_shared/motor-ctrl-lib/release-v4.5.0/OperationalCode/Biquad.o
                0x080213f0                BIQUAD_PoleZeroInit
 .text.BIQUAD_Reset
                0x08021470       0x24 C:/Users/xiaol/mtw32_matchbox_150/motor_ctrl_app/Build/TARGET-GCC/CustomRFO/REF_MTR_48V30A_GaN/Custom/ext/mtb_shared/motor-ctrl-lib/release-v4.5.0/OperationalCode/Biquad.o
                0x08021470                BIQUAD_Reset
 .text.CTRL_ResetWcmdInt
                0x08021494       0x14 C:/Users/xiaol/mtw32_matchbox_150/motor_ctrl_app/Build/TARGET-GCC/CustomRFO/REF_MTR_48V30A_GaN/Custom/ext/mtb_shared/motor-ctrl-lib/release-v4.5.0/OperationalCode/Controller.o
                0x08021494                CTRL_ResetWcmdInt
 .text.CTRL_FILTS_Init
                0x080214a8       0x40 C:/Users/xiaol/mtw32_matchbox_150/motor_ctrl_app/Build/TARGET-GCC/CustomRFO/REF_MTR_48V30A_GaN/Custom/ext/mtb_shared/motor-ctrl-lib/release-v4.5.0/OperationalCode/CtrlFilts.o
                0x080214a8                CTRL_FILTS_Init
 .text.CTRL_FILTS_Reset
                0x080214e8       0x40 C:/Users/xiaol/mtw32_matchbox_150/motor_ctrl_app/Build/TARGET-GCC/CustomRFO/REF_MTR_48V30A_GaN/Custom/ext/mtb_shared/motor-ctrl-lib/release-v4.5.0/OperationalCode/CtrlFilts.o
                0x080214e8                CTRL_FILTS_Reset
 .text.CURRENT_CTRL_Init
                0x08021528       0x84 C:/Users/xiaol/mtw32_matchbox_150/motor_ctrl_app/Build/TARGET-GCC/CustomRFO/REF_MTR_48V30A_GaN/Custom/ext/mtb_shared/motor-ctrl-lib/release-v4.5.0/OperationalCode/CurrentCtrl.o
                0x08021528                CURRENT_CTRL_Init
 .text.CURRENT_CTRL_Reset
                0x080215ac       0x1c C:/Users/xiaol/mtw32_matchbox_150/motor_ctrl_app/Build/TARGET-GCC/CustomRFO/REF_MTR_48V30A_GaN/Custom/ext/mtb_shared/motor-ctrl-lib/release-v4.5.0/OperationalCode/CurrentCtrl.o
                0x080215ac                CURRENT_CTRL_Reset
 .text.FAULT_PROTECT_Init
                0x080215c8       0x94 C:/Users/xiaol/mtw32_matchbox_150/motor_ctrl_app/Build/TARGET-GCC/CustomRFO/REF_MTR_48V30A_GaN/Custom/ext/mtb_shared/motor-ctrl-lib/release-v4.5.0/OperationalCode/FaultProtect.o
                0x080215c8                FAULT_PROTECT_Init
 .text.FAULT_PROTECT_Reset
                0x0802165c       0x34 C:/Users/xiaol/mtw32_matchbox_150/motor_ctrl_app/Build/TARGET-GCC/CustomRFO/REF_MTR_48V30A_GaN/Custom/ext/mtb_shared/motor-ctrl-lib/release-v4.5.0/OperationalCode/FaultProtect.o
                0x0802165c                FAULT_PROTECT_Reset
 .text.FAULT_PROTECT_RunISR1
                0x08021690      0x178 C:/Users/xiaol/mtw32_matchbox_150/motor_ctrl_app/Build/TARGET-GCC/CustomRFO/REF_MTR_48V30A_GaN/Custom/ext/mtb_shared/motor-ctrl-lib/release-v4.5.0/OperationalCode/FaultProtect.o
                0x08021690                FAULT_PROTECT_RunISR1
 .text.FAULT_PROTECT_ClearFaults
                0x08021808       0x68 C:/Users/xiaol/mtw32_matchbox_150/motor_ctrl_app/Build/TARGET-GCC/CustomRFO/REF_MTR_48V30A_GaN/Custom/ext/mtb_shared/motor-ctrl-lib/release-v4.5.0/OperationalCode/FaultProtect.o
                0x08021808                FAULT_PROTECT_ClearFaults
 .text.FlashParamsWrapper
                0x08021870       0x44 C:/Users/xiaol/mtw32_matchbox_150/motor_ctrl_app/Build/TARGET-GCC/CustomRFO/REF_MTR_48V30A_GaN/Custom/ext/mtb_shared/motor-ctrl-lib/release-v4.5.0/OperationalCode/FcnExeHandler.o
 .text.ResetModulesWrapper
                0x080218b4       0x40 C:/Users/xiaol/mtw32_matchbox_150/motor_ctrl_app/Build/TARGET-GCC/CustomRFO/REF_MTR_48V30A_GaN/Custom/ext/mtb_shared/motor-ctrl-lib/release-v4.5.0/OperationalCode/FcnExeHandler.o
 .text.AutoCalcParamsWrapper
                0x080218f4       0x3c C:/Users/xiaol/mtw32_matchbox_150/motor_ctrl_app/Build/TARGET-GCC/CustomRFO/REF_MTR_48V30A_GaN/Custom/ext/mtb_shared/motor-ctrl-lib/release-v4.5.0/OperationalCode/FcnExeHandler.o
 .text.FCN_EXE_HANDLER_Init
                0x08021930       0x20 C:/Users/xiaol/mtw32_matchbox_150/motor_ctrl_app/Build/TARGET-GCC/CustomRFO/REF_MTR_48V30A_GaN/Custom/ext/mtb_shared/motor-ctrl-lib/release-v4.5.0/OperationalCode/FcnExeHandler.o
                0x08021930                FCN_EXE_HANDLER_Init
 .text.FCN_EXE_HANDLER_Reset
                0x08021950       0x10 C:/Users/xiaol/mtw32_matchbox_150/motor_ctrl_app/Build/TARGET-GCC/CustomRFO/REF_MTR_48V30A_GaN/Custom/ext/mtb_shared/motor-ctrl-lib/release-v4.5.0/OperationalCode/FcnExeHandler.o
                0x08021950                FCN_EXE_HANDLER_Reset
 .text.FCN_EXE_HANDLER_RunISR1
                0x08021960       0x54 C:/Users/xiaol/mtw32_matchbox_150/motor_ctrl_app/Build/TARGET-GCC/CustomRFO/REF_MTR_48V30A_GaN/Custom/ext/mtb_shared/motor-ctrl-lib/release-v4.5.0/OperationalCode/FcnExeHandler.o
                0x08021960                FCN_EXE_HANDLER_RunISR1
 .text.FLUX_WEAKEN_Reset
                0x080219b4       0x10 C:/Users/xiaol/mtw32_matchbox_150/motor_ctrl_app/Build/TARGET-GCC/CustomRFO/REF_MTR_48V30A_GaN/Custom/ext/mtb_shared/motor-ctrl-lib/release-v4.5.0/OperationalCode/FluxWeaken.o
                0x080219b4                FLUX_WEAKEN_Reset
 .text.StopWatchInit
                0x080219c4       0x1c C:/Users/xiaol/mtw32_matchbox_150/motor_ctrl_app/Build/TARGET-GCC/CustomRFO/REF_MTR_48V30A_GaN/Custom/ext/mtb_shared/motor-ctrl-lib/release-v4.5.0/OperationalCode/General.o
                0x080219c4                StopWatchInit
 .text.StopWatchReset
                0x080219e0        0x8 C:/Users/xiaol/mtw32_matchbox_150/motor_ctrl_app/Build/TARGET-GCC/CustomRFO/REF_MTR_48V30A_GaN/Custom/ext/mtb_shared/motor-ctrl-lib/release-v4.5.0/OperationalCode/General.o
                0x080219e0                StopWatchReset
 .text.PI_Reset
                0x080219e8        0xc C:/Users/xiaol/mtw32_matchbox_150/motor_ctrl_app/Build/TARGET-GCC/CustomRFO/REF_MTR_48V30A_GaN/Custom/ext/mtb_shared/motor-ctrl-lib/release-v4.5.0/OperationalCode/General.o
                0x080219e8                PI_Reset
 .text.PI_UpdateParams
                0x080219f4       0x14 C:/Users/xiaol/mtw32_matchbox_150/motor_ctrl_app/Build/TARGET-GCC/CustomRFO/REF_MTR_48V30A_GaN/Custom/ext/mtb_shared/motor-ctrl-lib/release-v4.5.0/OperationalCode/General.o
                0x080219f4                PI_UpdateParams
 .text.PI_IntegBackCalc
                0x08021a08       0x20 C:/Users/xiaol/mtw32_matchbox_150/motor_ctrl_app/Build/TARGET-GCC/CustomRFO/REF_MTR_48V30A_GaN/Custom/ext/mtb_shared/motor-ctrl-lib/release-v4.5.0/OperationalCode/General.o
                0x08021a08                PI_IntegBackCalc
 .text.BILINEAR_INTEG_Reset
                0x08021a28        0xc C:/Users/xiaol/mtw32_matchbox_150/motor_ctrl_app/Build/TARGET-GCC/CustomRFO/REF_MTR_48V30A_GaN/Custom/ext/mtb_shared/motor-ctrl-lib/release-v4.5.0/OperationalCode/General.o
                0x08021a28                BILINEAR_INTEG_Reset
 .text.HALL_SENSOR_Init
                0x08021a34       0x5c C:/Users/xiaol/mtw32_matchbox_150/motor_ctrl_app/Build/TARGET-GCC/CustomRFO/REF_MTR_48V30A_GaN/Custom/ext/mtb_shared/motor-ctrl-lib/release-v4.5.0/OperationalCode/HallSensor.o
                0x08021a34                HALL_SENSOR_Init
 .text.HALL_SENSOR_Reset
                0x08021a90       0x2c C:/Users/xiaol/mtw32_matchbox_150/motor_ctrl_app/Build/TARGET-GCC/CustomRFO/REF_MTR_48V30A_GaN/Custom/ext/mtb_shared/motor-ctrl-lib/release-v4.5.0/OperationalCode/HallSensor.o
                0x08021a90                HALL_SENSOR_Reset
 .text.HIGH_FREQ_INJ_Init
                0x08021abc       0x60 C:/Users/xiaol/mtw32_matchbox_150/motor_ctrl_app/Build/TARGET-GCC/CustomRFO/REF_MTR_48V30A_GaN/Custom/ext/mtb_shared/motor-ctrl-lib/release-v4.5.0/OperationalCode/HighFreqInj.o
                0x08021abc                HIGH_FREQ_INJ_Init
 .text.HIGH_FREQ_INJ_Reset
                0x08021b1c       0x74 C:/Users/xiaol/mtw32_matchbox_150/motor_ctrl_app/Build/TARGET-GCC/CustomRFO/REF_MTR_48V30A_GaN/Custom/ext/mtb_shared/motor-ctrl-lib/release-v4.5.0/OperationalCode/HighFreqInj.o
                0x08021b1c                HIGH_FREQ_INJ_Reset
 .text.LowFreqCurrentRegulatorISR0
                0x08021b90       0xac C:/Users/xiaol/mtw32_matchbox_150/motor_ctrl_app/Build/TARGET-GCC/CustomRFO/REF_MTR_48V30A_GaN/Custom/ext/mtb_shared/motor-ctrl-lib/release-v4.5.0/OperationalCode/MotorProfiler.o
 .text.HighFreqCurrentProcessISR0
                0x08021c3c       0xdc C:/Users/xiaol/mtw32_matchbox_150/motor_ctrl_app/Build/TARGET-GCC/CustomRFO/REF_MTR_48V30A_GaN/Custom/ext/mtb_shared/motor-ctrl-lib/release-v4.5.0/OperationalCode/MotorProfiler.o
 .text.MOTOR_PROFILER_Init
                0x08021d18       0xd8 C:/Users/xiaol/mtw32_matchbox_150/motor_ctrl_app/Build/TARGET-GCC/CustomRFO/REF_MTR_48V30A_GaN/Custom/ext/mtb_shared/motor-ctrl-lib/release-v4.5.0/OperationalCode/MotorProfiler.o
                0x08021d18                MOTOR_PROFILER_Init
 .text.MOTOR_PROFILER_Entry
                0x08021df0      0x240 C:/Users/xiaol/mtw32_matchbox_150/motor_ctrl_app/Build/TARGET-GCC/CustomRFO/REF_MTR_48V30A_GaN/Custom/ext/mtb_shared/motor-ctrl-lib/release-v4.5.0/OperationalCode/MotorProfiler.o
                0x08021df0                MOTOR_PROFILER_Entry
 .text.MOTOR_PROFILER_Exit
                0x08022030      0x1c0 C:/Users/xiaol/mtw32_matchbox_150/motor_ctrl_app/Build/TARGET-GCC/CustomRFO/REF_MTR_48V30A_GaN/Custom/ext/mtb_shared/motor-ctrl-lib/release-v4.5.0/OperationalCode/MotorProfiler.o
                0x08022030                MOTOR_PROFILER_Exit
 .text.MOTOR_PROFILER_RunISR0
                0x080221f0      0x3f8 C:/Users/xiaol/mtw32_matchbox_150/motor_ctrl_app/Build/TARGET-GCC/CustomRFO/REF_MTR_48V30A_GaN/Custom/ext/mtb_shared/motor-ctrl-lib/release-v4.5.0/OperationalCode/MotorProfiler.o
                0x080221f0                MOTOR_PROFILER_RunISR0
 .text.OBS_Init
                0x080225e8       0x54 C:/Users/xiaol/mtw32_matchbox_150/motor_ctrl_app/Build/TARGET-GCC/CustomRFO/REF_MTR_48V30A_GaN/Custom/ext/mtb_shared/motor-ctrl-lib/release-v4.5.0/OperationalCode/Observer.o
                0x080225e8                OBS_Init
 .text.OBS_Reset
                0x0802263c       0xd0 C:/Users/xiaol/mtw32_matchbox_150/motor_ctrl_app/Build/TARGET-GCC/CustomRFO/REF_MTR_48V30A_GaN/Custom/ext/mtb_shared/motor-ctrl-lib/release-v4.5.0/OperationalCode/Observer.o
                0x0802263c                OBS_Reset
 .text.PLL_Init
                0x0802270c       0x24 C:/Users/xiaol/mtw32_matchbox_150/motor_ctrl_app/Build/TARGET-GCC/CustomRFO/REF_MTR_48V30A_GaN/Custom/ext/mtb_shared/motor-ctrl-lib/release-v4.5.0/OperationalCode/PLL.o
                0x0802270c                PLL_Init
 .text.PLL_Reset
                0x08022730       0x14 C:/Users/xiaol/mtw32_matchbox_150/motor_ctrl_app/Build/TARGET-GCC/CustomRFO/REF_MTR_48V30A_GaN/Custom/ext/mtb_shared/motor-ctrl-lib/release-v4.5.0/OperationalCode/PLL.o
                0x08022730                PLL_Reset
 .text.PARAMS_InitManual
                0x08022744      0x4a0 C:/Users/xiaol/mtw32_matchbox_150/motor_ctrl_app/Build/TARGET-GCC/CustomRFO/REF_MTR_48V30A_GaN/Custom/ext/mtb_shared/motor-ctrl-lib/release-v4.5.0/OperationalCode/Params.o
                0x08022744                PARAMS_InitManual
 .text.PARAMS_InitAutoCalc
                0x08022be4      0x588 C:/Users/xiaol/mtw32_matchbox_150/motor_ctrl_app/Build/TARGET-GCC/CustomRFO/REF_MTR_48V30A_GaN/Custom/ext/mtb_shared/motor-ctrl-lib/release-v4.5.0/OperationalCode/Params.o
                0x08022be4                PARAMS_InitAutoCalc
 .text.PARAMS_Init
                0x0802316c       0x50 C:/Users/xiaol/mtw32_matchbox_150/motor_ctrl_app/Build/TARGET-GCC/CustomRFO/REF_MTR_48V30A_GaN/Custom/ext/mtb_shared/motor-ctrl-lib/release-v4.5.0/OperationalCode/Params.o
                0x0802316c                PARAMS_Init
 .text.PHASE_ADV_Init
                0x080231bc       0x58 C:/Users/xiaol/mtw32_matchbox_150/motor_ctrl_app/Build/TARGET-GCC/CustomRFO/REF_MTR_48V30A_GaN/Custom/ext/mtb_shared/motor-ctrl-lib/release-v4.5.0/OperationalCode/PhaseAdvance.o
                0x080231bc                PHASE_ADV_Init
 .text.PHASE_ADV_CalcOptIs
                0x08023214       0x4c C:/Users/xiaol/mtw32_matchbox_150/motor_ctrl_app/Build/TARGET-GCC/CustomRFO/REF_MTR_48V30A_GaN/Custom/ext/mtb_shared/motor-ctrl-lib/release-v4.5.0/OperationalCode/PhaseAdvance.o
                0x08023214                PHASE_ADV_CalcOptIs
 .text.RESONANT_Reset
                0x08023260        0x8 C:/Users/xiaol/mtw32_matchbox_150/motor_ctrl_app/Build/TARGET-GCC/CustomRFO/REF_MTR_48V30A_GaN/Custom/ext/mtb_shared/motor-ctrl-lib/release-v4.5.0/OperationalCode/ResonantFilt.o
                0x08023260                RESONANT_Reset
 .text.RESONANT_UpdateParams
                0x08023268       0x20 C:/Users/xiaol/mtw32_matchbox_150/motor_ctrl_app/Build/TARGET-GCC/CustomRFO/REF_MTR_48V30A_GaN/Custom/ext/mtb_shared/motor-ctrl-lib/release-v4.5.0/OperationalCode/ResonantFilt.o
                0x08023268                RESONANT_UpdateParams
 .text.SENSOR_IFACE_Init
                0x08023288       0x9c C:/Users/xiaol/mtw32_matchbox_150/motor_ctrl_app/Build/TARGET-GCC/CustomRFO/REF_MTR_48V30A_GaN/Custom/ext/mtb_shared/motor-ctrl-lib/release-v4.5.0/OperationalCode/SensorIface.o
                0x08023288                SENSOR_IFACE_Init
 .text.SENSOR_IFACE_Reset
                0x08023324       0x28 C:/Users/xiaol/mtw32_matchbox_150/motor_ctrl_app/Build/TARGET-GCC/CustomRFO/REF_MTR_48V30A_GaN/Custom/ext/mtb_shared/motor-ctrl-lib/release-v4.5.0/OperationalCode/SensorIface.o
                0x08023324                SENSOR_IFACE_Reset
 .text.SENSOR_IFACE_RunISR1
                0x0802334c      0x19c C:/Users/xiaol/mtw32_matchbox_150/motor_ctrl_app/Build/TARGET-GCC/CustomRFO/REF_MTR_48V30A_GaN/Custom/ext/mtb_shared/motor-ctrl-lib/release-v4.5.0/OperationalCode/SensorIface.o
                0x0802334c                SENSOR_IFACE_RunISR1
 .text.ExtractTwoLabels
                0x080234e8      0x158 C:/Users/xiaol/mtw32_matchbox_150/motor_ctrl_app/Build/TARGET-GCC/CustomRFO/REF_MTR_48V30A_GaN/Custom/ext/mtb_shared/motor-ctrl-lib/release-v4.5.0/OperationalCode/SixPulseInj.o
 .text.SIX_PULSE_INJ_Init
                0x08023640       0x8c C:/Users/xiaol/mtw32_matchbox_150/motor_ctrl_app/Build/TARGET-GCC/CustomRFO/REF_MTR_48V30A_GaN/Custom/ext/mtb_shared/motor-ctrl-lib/release-v4.5.0/OperationalCode/SixPulseInj.o
                0x08023640                SIX_PULSE_INJ_Init
 .text.SIX_PULSE_INJ_Reset
                0x080236cc       0x10 C:/Users/xiaol/mtw32_matchbox_150/motor_ctrl_app/Build/TARGET-GCC/CustomRFO/REF_MTR_48V30A_GaN/Custom/ext/mtb_shared/motor-ctrl-lib/release-v4.5.0/OperationalCode/SixPulseInj.o
                0x080236cc                SIX_PULSE_INJ_Reset
 .text.SIX_PULSE_INJ_RunISR1
                0x080236dc       0xb4 C:/Users/xiaol/mtw32_matchbox_150/motor_ctrl_app/Build/TARGET-GCC/CustomRFO/REF_MTR_48V30A_GaN/Custom/ext/mtb_shared/motor-ctrl-lib/release-v4.5.0/OperationalCode/SixPulseInj.o
                0x080236dc                SIX_PULSE_INJ_RunISR1
 .text.SPEED_CTRL_Init
                0x08023790       0x2c C:/Users/xiaol/mtw32_matchbox_150/motor_ctrl_app/Build/TARGET-GCC/CustomRFO/REF_MTR_48V30A_GaN/Custom/ext/mtb_shared/motor-ctrl-lib/release-v4.5.0/OperationalCode/SpeedCtrl.o
                0x08023790                SPEED_CTRL_Init
 .text.SPEED_CTRL_Reset
                0x080237bc        0xc C:/Users/xiaol/mtw32_matchbox_150/motor_ctrl_app/Build/TARGET-GCC/CustomRFO/REF_MTR_48V30A_GaN/Custom/ext/mtb_shared/motor-ctrl-lib/release-v4.5.0/OperationalCode/SpeedCtrl.o
                0x080237bc                SPEED_CTRL_Reset
 .text.SPEED_CTRL_IntegBackCalc
                0x080237c8       0x6c C:/Users/xiaol/mtw32_matchbox_150/motor_ctrl_app/Build/TARGET-GCC/CustomRFO/REF_MTR_48V30A_GaN/Custom/ext/mtb_shared/motor-ctrl-lib/release-v4.5.0/OperationalCode/SpeedCtrl.o
                0x080237c8                SPEED_CTRL_IntegBackCalc
 .text.FaultExit
                0x08023834       0x20 C:/Users/xiaol/mtw32_matchbox_150/motor_ctrl_app/Build/TARGET-GCC/CustomRFO/REF_MTR_48V30A_GaN/Custom/ext/mtb_shared/motor-ctrl-lib/release-v4.5.0/OperationalCode/StateMachine.o
 .text.CurrentCLEntry
                0x08023854       0x20 C:/Users/xiaol/mtw32_matchbox_150/motor_ctrl_app/Build/TARGET-GCC/CustomRFO/REF_MTR_48V30A_GaN/Custom/ext/mtb_shared/motor-ctrl-lib/release-v4.5.0/OperationalCode/StateMachine.o
 .text.CommonISR1
                0x08023874       0x14 C:/Users/xiaol/mtw32_matchbox_150/motor_ctrl_app/Build/TARGET-GCC/CustomRFO/REF_MTR_48V30A_GaN/Custom/ext/mtb_shared/motor-ctrl-lib/release-v4.5.0/OperationalCode/StateMachine.o
 .text.MotorProfISR0
                0x08023888       0x10 C:/Users/xiaol/mtw32_matchbox_150/motor_ctrl_app/Build/TARGET-GCC/CustomRFO/REF_MTR_48V30A_GaN/Custom/ext/mtb_shared/motor-ctrl-lib/release-v4.5.0/OperationalCode/StateMachine.o
 .text.MotorProfExit
                0x08023898        0x4 C:/Users/xiaol/mtw32_matchbox_150/motor_ctrl_app/Build/TARGET-GCC/CustomRFO/REF_MTR_48V30A_GaN/Custom/ext/mtb_shared/motor-ctrl-lib/release-v4.5.0/OperationalCode/StateMachine.o
 .text.MotorProfEntry
                0x0802389c       0x28 C:/Users/xiaol/mtw32_matchbox_150/motor_ctrl_app/Build/TARGET-GCC/CustomRFO/REF_MTR_48V30A_GaN/Custom/ext/mtb_shared/motor-ctrl-lib/release-v4.5.0/OperationalCode/StateMachine.o
 .text.DynoLockExit
                0x080238c4       0x40 C:/Users/xiaol/mtw32_matchbox_150/motor_ctrl_app/Build/TARGET-GCC/CustomRFO/REF_MTR_48V30A_GaN/Custom/ext/mtb_shared/motor-ctrl-lib/release-v4.5.0/OperationalCode/StateMachine.o
 .text.HighFreqExit
                0x08023904       0x18 C:/Users/xiaol/mtw32_matchbox_150/motor_ctrl_app/Build/TARGET-GCC/CustomRFO/REF_MTR_48V30A_GaN/Custom/ext/mtb_shared/motor-ctrl-lib/release-v4.5.0/OperationalCode/StateMachine.o
 .text.SpeedOLToCLEntry
                0x0802391c       0x64 C:/Users/xiaol/mtw32_matchbox_150/motor_ctrl_app/Build/TARGET-GCC/CustomRFO/REF_MTR_48V30A_GaN/Custom/ext/mtb_shared/motor-ctrl-lib/release-v4.5.0/OperationalCode/StateMachine.o
 .text.AlignExit
                0x08023980       0x5c C:/Users/xiaol/mtw32_matchbox_150/motor_ctrl_app/Build/TARGET-GCC/CustomRFO/REF_MTR_48V30A_GaN/Custom/ext/mtb_shared/motor-ctrl-lib/release-v4.5.0/OperationalCode/StateMachine.o
 .text.DynoLockEntry
                0x080239dc       0x88 C:/Users/xiaol/mtw32_matchbox_150/motor_ctrl_app/Build/TARGET-GCC/CustomRFO/REF_MTR_48V30A_GaN/Custom/ext/mtb_shared/motor-ctrl-lib/release-v4.5.0/OperationalCode/StateMachine.o
 .text.FaultEntry
                0x08023a64       0xa8 C:/Users/xiaol/mtw32_matchbox_150/motor_ctrl_app/Build/TARGET-GCC/CustomRFO/REF_MTR_48V30A_GaN/Custom/ext/mtb_shared/motor-ctrl-lib/release-v4.5.0/OperationalCode/StateMachine.o
 .text.BrakeBootEntry
                0x08023b0c       0x70 C:/Users/xiaol/mtw32_matchbox_150/motor_ctrl_app/Build/TARGET-GCC/CustomRFO/REF_MTR_48V30A_GaN/Custom/ext/mtb_shared/motor-ctrl-lib/release-v4.5.0/OperationalCode/StateMachine.o
 .text.SpeedOLToCLExit
                0x08023b7c       0x74 C:/Users/xiaol/mtw32_matchbox_150/motor_ctrl_app/Build/TARGET-GCC/CustomRFO/REF_MTR_48V30A_GaN/Custom/ext/mtb_shared/motor-ctrl-lib/release-v4.5.0/OperationalCode/StateMachine.o
 .text.HighFreqEntry
                0x08023bf0       0x58 C:/Users/xiaol/mtw32_matchbox_150/motor_ctrl_app/Build/TARGET-GCC/CustomRFO/REF_MTR_48V30A_GaN/Custom/ext/mtb_shared/motor-ctrl-lib/release-v4.5.0/OperationalCode/StateMachine.o
 .text.SixPulseISR1
                0x08023c48        0x4 C:/Users/xiaol/mtw32_matchbox_150/motor_ctrl_app/Build/TARGET-GCC/CustomRFO/REF_MTR_48V30A_GaN/Custom/ext/mtb_shared/motor-ctrl-lib/release-v4.5.0/OperationalCode/StateMachine.o
 .text.SixPulseExit
                0x08023c4c       0x50 C:/Users/xiaol/mtw32_matchbox_150/motor_ctrl_app/Build/TARGET-GCC/CustomRFO/REF_MTR_48V30A_GaN/Custom/ext/mtb_shared/motor-ctrl-lib/release-v4.5.0/OperationalCode/StateMachine.o
 .text.SixPulseEntry
                0x08023c9c        0x4 C:/Users/xiaol/mtw32_matchbox_150/motor_ctrl_app/Build/TARGET-GCC/CustomRFO/REF_MTR_48V30A_GaN/Custom/ext/mtb_shared/motor-ctrl-lib/release-v4.5.0/OperationalCode/StateMachine.o
 .text.AlignEntry
                0x08023ca0       0x40 C:/Users/xiaol/mtw32_matchbox_150/motor_ctrl_app/Build/TARGET-GCC/CustomRFO/REF_MTR_48V30A_GaN/Custom/ext/mtb_shared/motor-ctrl-lib/release-v4.5.0/OperationalCode/StateMachine.o
 .text.FaultISR1
                0x08023ce0       0xa8 C:/Users/xiaol/mtw32_matchbox_150/motor_ctrl_app/Build/TARGET-GCC/CustomRFO/REF_MTR_48V30A_GaN/Custom/ext/mtb_shared/motor-ctrl-lib/release-v4.5.0/OperationalCode/StateMachine.o
 .text.SpeedCLEntry
                0x08023d88       0x4c C:/Users/xiaol/mtw32_matchbox_150/motor_ctrl_app/Build/TARGET-GCC/CustomRFO/REF_MTR_48V30A_GaN/Custom/ext/mtb_shared/motor-ctrl-lib/release-v4.5.0/OperationalCode/StateMachine.o
 .text.VoltHzOLEntry
                0x08023dd4       0x58 C:/Users/xiaol/mtw32_matchbox_150/motor_ctrl_app/Build/TARGET-GCC/CustomRFO/REF_MTR_48V30A_GaN/Custom/ext/mtb_shared/motor-ctrl-lib/release-v4.5.0/OperationalCode/StateMachine.o
 .text.BrakeBootISR1
                0x08023e2c       0x40 C:/Users/xiaol/mtw32_matchbox_150/motor_ctrl_app/Build/TARGET-GCC/CustomRFO/REF_MTR_48V30A_GaN/Custom/ext/mtb_shared/motor-ctrl-lib/release-v4.5.0/OperationalCode/StateMachine.o
 .text.STATE_MACHINE_ResetAllModules
                0x08023e6c       0xa8 C:/Users/xiaol/mtw32_matchbox_150/motor_ctrl_app/Build/TARGET-GCC/CustomRFO/REF_MTR_48V30A_GaN/Custom/ext/mtb_shared/motor-ctrl-lib/release-v4.5.0/OperationalCode/StateMachine.o
                0x08023e6c                STATE_MACHINE_ResetAllModules
 .text.InitEntry
                0x08023f14       0x84 C:/Users/xiaol/mtw32_matchbox_150/motor_ctrl_app/Build/TARGET-GCC/CustomRFO/REF_MTR_48V30A_GaN/Custom/ext/mtb_shared/motor-ctrl-lib/release-v4.5.0/OperationalCode/StateMachine.o
 .text.STATE_MACHINE_Init
                0x08023f98       0xec C:/Users/xiaol/mtw32_matchbox_150/motor_ctrl_app/Build/TARGET-GCC/CustomRFO/REF_MTR_48V30A_GaN/Custom/ext/mtb_shared/motor-ctrl-lib/release-v4.5.0/OperationalCode/StateMachine.o
                0x08023f98                STATE_MACHINE_Init
 .text.STATE_MACHINE_RunISR1
                0x08024084      0x60c C:/Users/xiaol/mtw32_matchbox_150/motor_ctrl_app/Build/TARGET-GCC/CustomRFO/REF_MTR_48V30A_GaN/Custom/ext/mtb_shared/motor-ctrl-lib/release-v4.5.0/OperationalCode/StateMachine.o
                0x08024084                STATE_MACHINE_RunISR1
 .text.TRQ_Reset
                0x08024690       0x10 C:/Users/xiaol/mtw32_matchbox_150/motor_ctrl_app/Build/TARGET-GCC/CustomRFO/REF_MTR_48V30A_GaN/Custom/ext/mtb_shared/motor-ctrl-lib/release-v4.5.0/OperationalCode/Trq.o
                0x08024690                TRQ_Reset
 .text.VOLT_CTRL_Reset
                0x080246a0        0xc C:/Users/xiaol/mtw32_matchbox_150/motor_ctrl_app/Build/TARGET-GCC/CustomRFO/REF_MTR_48V30A_GaN/Custom/ext/mtb_shared/motor-ctrl-lib/release-v4.5.0/OperationalCode/VoltCtrl.o
                0x080246a0                VOLT_CTRL_Reset
 .text.VOLT_MOD_Init
                0x080246ac       0x84 C:/Users/xiaol/mtw32_matchbox_150/motor_ctrl_app/Build/TARGET-GCC/CustomRFO/REF_MTR_48V30A_GaN/Custom/ext/mtb_shared/motor-ctrl-lib/release-v4.5.0/OperationalCode/VoltMod.o
                0x080246ac                VOLT_MOD_Init
 .text.ProbeScope_SampleCh.part.0
                0x08024730      0x11c C:/Users/xiaol/mtw32_matchbox_150/motor_ctrl_app/Build/TARGET-GCC/CustomRFO/REF_MTR_48V30A_GaN/Custom/ext/mtb_shared/motor-ctrl-lib/release-v4.5.0/ThirdPartyLib/probescope/probe_scope.o
 .text.ProbeScope_ModeTrig.part.0
                0x0802484c      0x5e0 C:/Users/xiaol/mtw32_matchbox_150/motor_ctrl_app/Build/TARGET-GCC/CustomRFO/REF_MTR_48V30A_GaN/Custom/ext/mtb_shared/motor-ctrl-lib/release-v4.5.0/ThirdPartyLib/probescope/probe_scope.o
 .text.ProbeScope_Init
                0x08024e2c       0xd8 C:/Users/xiaol/mtw32_matchbox_150/motor_ctrl_app/Build/TARGET-GCC/CustomRFO/REF_MTR_48V30A_GaN/Custom/ext/mtb_shared/motor-ctrl-lib/release-v4.5.0/ThirdPartyLib/probescope/probe_scope.o
                0x08024e2c                ProbeScope_Init
 .text.ProbeScope_Sampling
                0x08024f04       0xec C:/Users/xiaol/mtw32_matchbox_150/motor_ctrl_app/Build/TARGET-GCC/CustomRFO/REF_MTR_48V30A_GaN/Custom/ext/mtb_shared/motor-ctrl-lib/release-v4.5.0/ThirdPartyLib/probescope/probe_scope.o
                0x08024f04                ProbeScope_Sampling
 .text.E_EEPROM_XMC4_Init
                0x08024ff0      0x24c C:/Users/xiaol/mtw32_matchbox_150/motor_ctrl_app/Build/TARGET-GCC/CustomRFO/REF_MTR_48V30A_GaN/Custom/ext/mtb_shared/mtb-xmc-emeeprom/release-v1.0.0/source/xmc4_e_eeprom.o
                0x08024ff0                E_EEPROM_XMC4_Init
 .text.E_EEPROM_XMC4_WriteArray
                0x0802523c       0x8c C:/Users/xiaol/mtw32_matchbox_150/motor_ctrl_app/Build/TARGET-GCC/CustomRFO/REF_MTR_48V30A_GaN/Custom/ext/mtb_shared/mtb-xmc-emeeprom/release-v1.0.0/source/xmc4_e_eeprom.o
                0x0802523c                E_EEPROM_XMC4_WriteArray
 .text.E_EEPROM_XMC4_ReadArray
                0x080252c8       0x94 C:/Users/xiaol/mtw32_matchbox_150/motor_ctrl_app/Build/TARGET-GCC/CustomRFO/REF_MTR_48V30A_GaN/Custom/ext/mtb_shared/mtb-xmc-emeeprom/release-v1.0.0/source/xmc4_e_eeprom.o
                0x080252c8                E_EEPROM_XMC4_ReadArray
 .text.E_EEPROM_XMC4_UpdateFlashContents
                0x0802535c      0x150 C:/Users/xiaol/mtw32_matchbox_150/motor_ctrl_app/Build/TARGET-GCC/CustomRFO/REF_MTR_48V30A_GaN/Custom/ext/mtb_shared/mtb-xmc-emeeprom/release-v1.0.0/source/xmc4_e_eeprom.o
                0x0802535c                E_EEPROM_XMC4_UpdateFlashContents
 .text.SystemCoreSetup
                0x080254ac       0x40 C:/Users/xiaol/mtw32_matchbox_150/motor_ctrl_app/Build/TARGET-GCC/CustomRFO/REF_MTR_48V30A_GaN/Custom/ext/mtb_shared/mtb-xmclib-cat3/release-v4.3.0/CMSIS/Infineon/COMPONENT_XMC4200/Source/system_XMC4200.o
                0x080254ac                SystemCoreSetup
 .text.SystemCoreClockUpdate
                0x080254ec       0x84 C:/Users/xiaol/mtw32_matchbox_150/motor_ctrl_app/Build/TARGET-GCC/CustomRFO/REF_MTR_48V30A_GaN/Custom/ext/mtb_shared/mtb-xmclib-cat3/release-v4.3.0/CMSIS/Infineon/COMPONENT_XMC4200/Source/system_XMC4200.o
                0x080254ec                SystemCoreClockUpdate
 .text.SystemInit
                0x08025570       0x30 C:/Users/xiaol/mtw32_matchbox_150/motor_ctrl_app/Build/TARGET-GCC/CustomRFO/REF_MTR_48V30A_GaN/Custom/ext/mtb_shared/mtb-xmclib-cat3/release-v4.3.0/CMSIS/Infineon/COMPONENT_XMC4200/Source/system_XMC4200.o
                0x08025570                SystemInit
 .text._sbrk    0x080255a0       0x3c C:/Users/xiaol/mtw32_matchbox_150/motor_ctrl_app/Build/TARGET-GCC/CustomRFO/REF_MTR_48V30A_GaN/Custom/ext/mtb_shared/mtb-xmclib-cat3/release-v4.3.0/Newlib/syscalls.o
                0x080255a0                _sbrk
 .text._init    0x080255dc        0x4 C:/Users/xiaol/mtw32_matchbox_150/motor_ctrl_app/Build/TARGET-GCC/CustomRFO/REF_MTR_48V30A_GaN/Custom/ext/mtb_shared/mtb-xmclib-cat3/release-v4.3.0/Newlib/syscalls.o
                0x080255dc                _init
 .text.XMC_FLASH_ClearStatus
                0x080255e0       0x10 C:/Users/xiaol/mtw32_matchbox_150/motor_ctrl_app/Build/TARGET-GCC/CustomRFO/REF_MTR_48V30A_GaN/Custom/ext/mtb_shared/mtb-xmclib-cat3/release-v4.3.0/XMCLib/src/xmc4_flash.o
                0x080255e0                XMC_FLASH_ClearStatus
 .text.XMC_FLASH_GetStatus
                0x080255f0        0xc C:/Users/xiaol/mtw32_matchbox_150/motor_ctrl_app/Build/TARGET-GCC/CustomRFO/REF_MTR_48V30A_GaN/Custom/ext/mtb_shared/mtb-xmclib-cat3/release-v4.3.0/XMCLib/src/xmc4_flash.o
                0x080255f0                XMC_FLASH_GetStatus
 .text.XMC_FLASH_ProgramPage
                0x080255fc       0x5c C:/Users/xiaol/mtw32_matchbox_150/motor_ctrl_app/Build/TARGET-GCC/CustomRFO/REF_MTR_48V30A_GaN/Custom/ext/mtb_shared/mtb-xmclib-cat3/release-v4.3.0/XMCLib/src/xmc4_flash.o
                0x080255fc                XMC_FLASH_ProgramPage
 .text.XMC_FLASH_EraseSector
                0x08025658       0x44 C:/Users/xiaol/mtw32_matchbox_150/motor_ctrl_app/Build/TARGET-GCC/CustomRFO/REF_MTR_48V30A_GaN/Custom/ext/mtb_shared/mtb-xmclib-cat3/release-v4.3.0/XMCLib/src/xmc4_flash.o
                0x08025658                XMC_FLASH_EraseSector
 .text.XMC_GPIO_Init
                0x0802569c       0x94 C:/Users/xiaol/mtw32_matchbox_150/motor_ctrl_app/Build/TARGET-GCC/CustomRFO/REF_MTR_48V30A_GaN/Custom/ext/mtb_shared/mtb-xmclib-cat3/release-v4.3.0/XMCLib/src/xmc4_gpio.o
                0x0802569c                XMC_GPIO_Init
 .text.XMC_SCU_RESET_DeassertPeripheralReset
                0x08025730       0x18 C:/Users/xiaol/mtw32_matchbox_150/motor_ctrl_app/Build/TARGET-GCC/CustomRFO/REF_MTR_48V30A_GaN/Custom/ext/mtb_shared/mtb-xmclib-cat3/release-v4.3.0/XMCLib/src/xmc4_scu.o
                0x08025730                XMC_SCU_RESET_DeassertPeripheralReset
 .text.XMC_SCU_RESET_IsPeripheralResetAsserted
                0x08025748       0x20 C:/Users/xiaol/mtw32_matchbox_150/motor_ctrl_app/Build/TARGET-GCC/CustomRFO/REF_MTR_48V30A_GaN/Custom/ext/mtb_shared/mtb-xmclib-cat3/release-v4.3.0/XMCLib/src/xmc4_scu.o
                0x08025748                XMC_SCU_RESET_IsPeripheralResetAsserted
 .text.XMC_SCU_CLOCK_GetCcuClockFrequency
                0x08025768       0x20 C:/Users/xiaol/mtw32_matchbox_150/motor_ctrl_app/Build/TARGET-GCC/CustomRFO/REF_MTR_48V30A_GaN/Custom/ext/mtb_shared/mtb-xmclib-cat3/release-v4.3.0/XMCLib/src/xmc4_scu.o
                0x08025768                XMC_SCU_CLOCK_GetCcuClockFrequency
 .text.XMC_SCU_CLOCK_GetPeripheralClockFrequency
                0x08025788       0x18 C:/Users/xiaol/mtw32_matchbox_150/motor_ctrl_app/Build/TARGET-GCC/CustomRFO/REF_MTR_48V30A_GaN/Custom/ext/mtb_shared/mtb-xmclib-cat3/release-v4.3.0/XMCLib/src/xmc4_scu.o
                0x08025788                XMC_SCU_CLOCK_GetPeripheralClockFrequency
 .text.XMC_SCU_HIB_SetRtcClockSource
                0x080257a0       0x20 C:/Users/xiaol/mtw32_matchbox_150/motor_ctrl_app/Build/TARGET-GCC/CustomRFO/REF_MTR_48V30A_GaN/Custom/ext/mtb_shared/mtb-xmclib-cat3/release-v4.3.0/XMCLib/src/xmc4_scu.o
                0x080257a0                XMC_SCU_HIB_SetRtcClockSource
 .text.XMC_SCU_CLOCK_EnableClock
                0x080257c0        0xc C:/Users/xiaol/mtw32_matchbox_150/motor_ctrl_app/Build/TARGET-GCC/CustomRFO/REF_MTR_48V30A_GaN/Custom/ext/mtb_shared/mtb-xmclib-cat3/release-v4.3.0/XMCLib/src/xmc4_scu.o
                0x080257c0                XMC_SCU_CLOCK_EnableClock
 .text.XMC_SCU_CLOCK_UngatePeripheralClock
                0x080257cc       0x18 C:/Users/xiaol/mtw32_matchbox_150/motor_ctrl_app/Build/TARGET-GCC/CustomRFO/REF_MTR_48V30A_GaN/Custom/ext/mtb_shared/mtb-xmclib-cat3/release-v4.3.0/XMCLib/src/xmc4_scu.o
                0x080257cc                XMC_SCU_CLOCK_UngatePeripheralClock
 .text.XMC_SCU_CLOCK_IsPeripheralClockGated
                0x080257e4       0x20 C:/Users/xiaol/mtw32_matchbox_150/motor_ctrl_app/Build/TARGET-GCC/CustomRFO/REF_MTR_48V30A_GaN/Custom/ext/mtb_shared/mtb-xmclib-cat3/release-v4.3.0/XMCLib/src/xmc4_scu.o
                0x080257e4                XMC_SCU_CLOCK_IsPeripheralClockGated
 .text.XMC_SCU_CLOCK_StartSystemPll
                0x08025804      0x1e4 C:/Users/xiaol/mtw32_matchbox_150/motor_ctrl_app/Build/TARGET-GCC/CustomRFO/REF_MTR_48V30A_GaN/Custom/ext/mtb_shared/mtb-xmclib-cat3/release-v4.3.0/XMCLib/src/xmc4_scu.o
                0x08025804                XMC_SCU_CLOCK_StartSystemPll
 .text.XMC_SCU_CLOCK_Init
                0x080259e8      0x214 C:/Users/xiaol/mtw32_matchbox_150/motor_ctrl_app/Build/TARGET-GCC/CustomRFO/REF_MTR_48V30A_GaN/Custom/ext/mtb_shared/mtb-xmclib-cat3/release-v4.3.0/XMCLib/src/xmc4_scu.o
                0x080259e8                XMC_SCU_CLOCK_Init
 .text.XMC_CAN_NODE_NominalBitTimeConfigureEx
                0x08025bfc       0xc0 C:/Users/xiaol/mtw32_matchbox_150/motor_ctrl_app/Build/TARGET-GCC/CustomRFO/REF_MTR_48V30A_GaN/Custom/ext/mtb_shared/mtb-xmclib-cat3/release-v4.3.0/XMCLib/src/xmc_can.o
                0x08025bfc                XMC_CAN_NODE_NominalBitTimeConfigureEx
 .text.XMC_CAN_AllocateMOtoNodeList
                0x08025cbc       0x1c C:/Users/xiaol/mtw32_matchbox_150/motor_ctrl_app/Build/TARGET-GCC/CustomRFO/REF_MTR_48V30A_GaN/Custom/ext/mtb_shared/mtb-xmclib-cat3/release-v4.3.0/XMCLib/src/xmc_can.o
                0x08025cbc                XMC_CAN_AllocateMOtoNodeList
 .text.XMC_CAN_InitEx
                0x08025cd8       0x5c C:/Users/xiaol/mtw32_matchbox_150/motor_ctrl_app/Build/TARGET-GCC/CustomRFO/REF_MTR_48V30A_GaN/Custom/ext/mtb_shared/mtb-xmclib-cat3/release-v4.3.0/XMCLib/src/xmc_can.o
                0x08025cd8                XMC_CAN_InitEx
 .text.XMC_CAN_MO_Config
                0x08025d34       0xa8 C:/Users/xiaol/mtw32_matchbox_150/motor_ctrl_app/Build/TARGET-GCC/CustomRFO/REF_MTR_48V30A_GaN/Custom/ext/mtb_shared/mtb-xmclib-cat3/release-v4.3.0/XMCLib/src/xmc_can.o
                0x08025d34                XMC_CAN_MO_Config
 .text.XMC_CAN_MO_UpdateData
                0x08025ddc       0x3c C:/Users/xiaol/mtw32_matchbox_150/motor_ctrl_app/Build/TARGET-GCC/CustomRFO/REF_MTR_48V30A_GaN/Custom/ext/mtb_shared/mtb-xmclib-cat3/release-v4.3.0/XMCLib/src/xmc_can.o
                0x08025ddc                XMC_CAN_MO_UpdateData
 .text.XMC_CAN_MO_Transmit
                0x08025e18       0x24 C:/Users/xiaol/mtw32_matchbox_150/motor_ctrl_app/Build/TARGET-GCC/CustomRFO/REF_MTR_48V30A_GaN/Custom/ext/mtb_shared/mtb-xmclib-cat3/release-v4.3.0/XMCLib/src/xmc_can.o
                0x08025e18                XMC_CAN_MO_Transmit
 .text.XMC_CCU4_Init
                0x08025e3c       0x50 C:/Users/xiaol/mtw32_matchbox_150/motor_ctrl_app/Build/TARGET-GCC/CustomRFO/REF_MTR_48V30A_GaN/Custom/ext/mtb_shared/mtb-xmclib-cat3/release-v4.3.0/XMCLib/src/xmc_ccu4.o
                0x08025e3c                XMC_CCU4_Init
 .text.XMC_CCU4_SetMultiChannelShadowTransferMode
                0x08025e8c       0x10 C:/Users/xiaol/mtw32_matchbox_150/motor_ctrl_app/Build/TARGET-GCC/CustomRFO/REF_MTR_48V30A_GaN/Custom/ext/mtb_shared/mtb-xmclib-cat3/release-v4.3.0/XMCLib/src/xmc_ccu4.o
                0x08025e8c                XMC_CCU4_SetMultiChannelShadowTransferMode
 .text.XMC_CCU4_SLICE_CompareInit
                0x08025e9c       0x34 C:/Users/xiaol/mtw32_matchbox_150/motor_ctrl_app/Build/TARGET-GCC/CustomRFO/REF_MTR_48V30A_GaN/Custom/ext/mtb_shared/mtb-xmclib-cat3/release-v4.3.0/XMCLib/src/xmc_ccu4.o
                0x08025e9c                XMC_CCU4_SLICE_CompareInit
 .text.XMC_CCU4_SLICE_StartConfig
                0x08025ed0       0x1c C:/Users/xiaol/mtw32_matchbox_150/motor_ctrl_app/Build/TARGET-GCC/CustomRFO/REF_MTR_48V30A_GaN/Custom/ext/mtb_shared/mtb-xmclib-cat3/release-v4.3.0/XMCLib/src/xmc_ccu4.o
                0x08025ed0                XMC_CCU4_SLICE_StartConfig
 .text.XMC_CCU4_SLICE_StopConfig
                0x08025eec       0x1c C:/Users/xiaol/mtw32_matchbox_150/motor_ctrl_app/Build/TARGET-GCC/CustomRFO/REF_MTR_48V30A_GaN/Custom/ext/mtb_shared/mtb-xmclib-cat3/release-v4.3.0/XMCLib/src/xmc_ccu4.o
                0x08025eec                XMC_CCU4_SLICE_StopConfig
 .text.XMC_CCU4_SLICE_ConfigureEvent
                0x08025f08       0x74 C:/Users/xiaol/mtw32_matchbox_150/motor_ctrl_app/Build/TARGET-GCC/CustomRFO/REF_MTR_48V30A_GaN/Custom/ext/mtb_shared/mtb-xmclib-cat3/release-v4.3.0/XMCLib/src/xmc_ccu4.o
                0x08025f08                XMC_CCU4_SLICE_ConfigureEvent
 .text.XMC_CCU4_SLICE_SetInterruptNode
                0x08025f7c       0x58 C:/Users/xiaol/mtw32_matchbox_150/motor_ctrl_app/Build/TARGET-GCC/CustomRFO/REF_MTR_48V30A_GaN/Custom/ext/mtb_shared/mtb-xmclib-cat3/release-v4.3.0/XMCLib/src/xmc_ccu4.o
                0x08025f7c                XMC_CCU4_SLICE_SetInterruptNode
 .text.XMC_CCU8_Init
                0x08025fd4       0x38 C:/Users/xiaol/mtw32_matchbox_150/motor_ctrl_app/Build/TARGET-GCC/CustomRFO/REF_MTR_48V30A_GaN/Custom/ext/mtb_shared/mtb-xmclib-cat3/release-v4.3.0/XMCLib/src/xmc_ccu8.o
                0x08025fd4                XMC_CCU8_Init
 .text.XMC_CCU8_SLICE_CompareInit
                0x0802600c       0x3c C:/Users/xiaol/mtw32_matchbox_150/motor_ctrl_app/Build/TARGET-GCC/CustomRFO/REF_MTR_48V30A_GaN/Custom/ext/mtb_shared/mtb-xmclib-cat3/release-v4.3.0/XMCLib/src/xmc_ccu8.o
                0x0802600c                XMC_CCU8_SLICE_CompareInit
 .text.XMC_CCU8_SetMultiChannelShadowTransferMode
                0x08026048       0x10 C:/Users/xiaol/mtw32_matchbox_150/motor_ctrl_app/Build/TARGET-GCC/CustomRFO/REF_MTR_48V30A_GaN/Custom/ext/mtb_shared/mtb-xmclib-cat3/release-v4.3.0/XMCLib/src/xmc_ccu8.o
                0x08026048                XMC_CCU8_SetMultiChannelShadowTransferMode
 .text.XMC_CCU8_SLICE_StartConfig
                0x08026058       0x1c C:/Users/xiaol/mtw32_matchbox_150/motor_ctrl_app/Build/TARGET-GCC/CustomRFO/REF_MTR_48V30A_GaN/Custom/ext/mtb_shared/mtb-xmclib-cat3/release-v4.3.0/XMCLib/src/xmc_ccu8.o
                0x08026058                XMC_CCU8_SLICE_StartConfig
 .text.XMC_CCU8_SLICE_StopConfig
                0x08026074       0x1c C:/Users/xiaol/mtw32_matchbox_150/motor_ctrl_app/Build/TARGET-GCC/CustomRFO/REF_MTR_48V30A_GaN/Custom/ext/mtb_shared/mtb-xmclib-cat3/release-v4.3.0/XMCLib/src/xmc_ccu8.o
                0x08026074                XMC_CCU8_SLICE_StopConfig
 .text.XMC_CCU8_SLICE_TrapConfig
                0x08026090       0x28 C:/Users/xiaol/mtw32_matchbox_150/motor_ctrl_app/Build/TARGET-GCC/CustomRFO/REF_MTR_48V30A_GaN/Custom/ext/mtb_shared/mtb-xmclib-cat3/release-v4.3.0/XMCLib/src/xmc_ccu8.o
                0x08026090                XMC_CCU8_SLICE_TrapConfig
 .text.XMC_CCU8_SLICE_ConfigureEvent
                0x080260b8       0x74 C:/Users/xiaol/mtw32_matchbox_150/motor_ctrl_app/Build/TARGET-GCC/CustomRFO/REF_MTR_48V30A_GaN/Custom/ext/mtb_shared/mtb-xmclib-cat3/release-v4.3.0/XMCLib/src/xmc_ccu8.o
                0x080260b8                XMC_CCU8_SLICE_ConfigureEvent
 .text.XMC_CCU8_SLICE_SetTimerPeriodMatch
                0x0802612c        0x4 C:/Users/xiaol/mtw32_matchbox_150/motor_ctrl_app/Build/TARGET-GCC/CustomRFO/REF_MTR_48V30A_GaN/Custom/ext/mtb_shared/mtb-xmclib-cat3/release-v4.3.0/XMCLib/src/xmc_ccu8.o
                0x0802612c                XMC_CCU8_SLICE_SetTimerPeriodMatch
 .text.XMC_CCU8_SLICE_SetInterruptNode
                0x08026130       0x60 C:/Users/xiaol/mtw32_matchbox_150/motor_ctrl_app/Build/TARGET-GCC/CustomRFO/REF_MTR_48V30A_GaN/Custom/ext/mtb_shared/mtb-xmclib-cat3/release-v4.3.0/XMCLib/src/xmc_ccu8.o
                0x08026130                XMC_CCU8_SLICE_SetInterruptNode
 .text.XMC_CCU8_SLICE_DeadTimeInit
                0x08026190       0x14 C:/Users/xiaol/mtw32_matchbox_150/motor_ctrl_app/Build/TARGET-GCC/CustomRFO/REF_MTR_48V30A_GaN/Custom/ext/mtb_shared/mtb-xmclib-cat3/release-v4.3.0/XMCLib/src/xmc_ccu8.o
                0x08026190                XMC_CCU8_SLICE_DeadTimeInit
 .text.XMC_Delay
                0x080261a4       0x40 C:/Users/xiaol/mtw32_matchbox_150/motor_ctrl_app/Build/TARGET-GCC/CustomRFO/REF_MTR_48V30A_GaN/Custom/ext/mtb_shared/mtb-xmclib-cat3/release-v4.3.0/XMCLib/src/xmc_common.o
                0x080261a4                XMC_Delay
 .text.XMC_DMA_Init
                0x080261e4       0x20 C:/Users/xiaol/mtw32_matchbox_150/motor_ctrl_app/Build/TARGET-GCC/CustomRFO/REF_MTR_48V30A_GaN/Custom/ext/mtb_shared/mtb-xmclib-cat3/release-v4.3.0/XMCLib/src/xmc_dma.o
                0x080261e4                XMC_DMA_Init
 .text.XMC_DMA_CH_Init
                0x08026204      0x1f0 C:/Users/xiaol/mtw32_matchbox_150/motor_ctrl_app/Build/TARGET-GCC/CustomRFO/REF_MTR_48V30A_GaN/Custom/ext/mtb_shared/mtb-xmclib-cat3/release-v4.3.0/XMCLib/src/xmc_dma.o
                0x08026204                XMC_DMA_CH_Init
 .text.XMC_DMA_CH_EnableEvent
                0x080263f4       0x34 C:/Users/xiaol/mtw32_matchbox_150/motor_ctrl_app/Build/TARGET-GCC/CustomRFO/REF_MTR_48V30A_GaN/Custom/ext/mtb_shared/mtb-xmclib-cat3/release-v4.3.0/XMCLib/src/xmc_dma.o
                0x080263f4                XMC_DMA_CH_EnableEvent
 .text.XMC_DMA_CH_ClearEventStatus
                0x08026428       0x30 C:/Users/xiaol/mtw32_matchbox_150/motor_ctrl_app/Build/TARGET-GCC/CustomRFO/REF_MTR_48V30A_GaN/Custom/ext/mtb_shared/mtb-xmclib-cat3/release-v4.3.0/XMCLib/src/xmc_dma.o
                0x08026428                XMC_DMA_CH_ClearEventStatus
 .text.XMC_DMA_CH_GetEventStatus
                0x08026458       0x4c C:/Users/xiaol/mtw32_matchbox_150/motor_ctrl_app/Build/TARGET-GCC/CustomRFO/REF_MTR_48V30A_GaN/Custom/ext/mtb_shared/mtb-xmclib-cat3/release-v4.3.0/XMCLib/src/xmc_dma.o
                0x08026458                XMC_DMA_CH_GetEventStatus
 .text.XMC_DMA_CH_EnableSourceAddressReload
                0x080264a4       0x10 C:/Users/xiaol/mtw32_matchbox_150/motor_ctrl_app/Build/TARGET-GCC/CustomRFO/REF_MTR_48V30A_GaN/Custom/ext/mtb_shared/mtb-xmclib-cat3/release-v4.3.0/XMCLib/src/xmc_dma.o
                0x080264a4                XMC_DMA_CH_EnableSourceAddressReload
 .text.XMC_DMA_CH_EnableDestinationAddressReload
                0x080264b4       0x10 C:/Users/xiaol/mtw32_matchbox_150/motor_ctrl_app/Build/TARGET-GCC/CustomRFO/REF_MTR_48V30A_GaN/Custom/ext/mtb_shared/mtb-xmclib-cat3/release-v4.3.0/XMCLib/src/xmc_dma.o
                0x080264b4                XMC_DMA_CH_EnableDestinationAddressReload
 .text.XMC_DMA_CH_SetEventHandler
                0x080264c4        0xc C:/Users/xiaol/mtw32_matchbox_150/motor_ctrl_app/Build/TARGET-GCC/CustomRFO/REF_MTR_48V30A_GaN/Custom/ext/mtb_shared/mtb-xmclib-cat3/release-v4.3.0/XMCLib/src/xmc_dma.o
                0x080264c4                XMC_DMA_CH_SetEventHandler
 .text.XMC_FCE_Init
                0x080264d0       0x10 C:/Users/xiaol/mtw32_matchbox_150/motor_ctrl_app/Build/TARGET-GCC/CustomRFO/REF_MTR_48V30A_GaN/Custom/ext/mtb_shared/mtb-xmclib-cat3/release-v4.3.0/XMCLib/src/xmc_fce.o
                0x080264d0                XMC_FCE_Init
 .text.XMC_FCE_Enable
                0x080264e0       0x24 C:/Users/xiaol/mtw32_matchbox_150/motor_ctrl_app/Build/TARGET-GCC/CustomRFO/REF_MTR_48V30A_GaN/Custom/ext/mtb_shared/mtb-xmclib-cat3/release-v4.3.0/XMCLib/src/xmc_fce.o
                0x080264e0                XMC_FCE_Enable
 .text.XMC_FCE_CalculateCRC32
                0x08026504       0x28 C:/Users/xiaol/mtw32_matchbox_150/motor_ctrl_app/Build/TARGET-GCC/CustomRFO/REF_MTR_48V30A_GaN/Custom/ext/mtb_shared/mtb-xmclib-cat3/release-v4.3.0/XMCLib/src/xmc_fce.o
                0x08026504                XMC_FCE_CalculateCRC32
 .text.XMC_GPIO_SetMode
                0x0802652c       0x24 C:/Users/xiaol/mtw32_matchbox_150/motor_ctrl_app/Build/TARGET-GCC/CustomRFO/REF_MTR_48V30A_GaN/Custom/ext/mtb_shared/mtb-xmclib-cat3/release-v4.3.0/XMCLib/src/xmc_gpio.o
                0x0802652c                XMC_GPIO_SetMode
 .text.XMC_GPIO_SetHardwareControl
                0x08026550       0x1c C:/Users/xiaol/mtw32_matchbox_150/motor_ctrl_app/Build/TARGET-GCC/CustomRFO/REF_MTR_48V30A_GaN/Custom/ext/mtb_shared/mtb-xmclib-cat3/release-v4.3.0/XMCLib/src/xmc_gpio.o
                0x08026550                XMC_GPIO_SetHardwareControl
 .text.XMC_UART_CH_InitEx
                0x0802656c       0x84 C:/Users/xiaol/mtw32_matchbox_150/motor_ctrl_app/Build/TARGET-GCC/CustomRFO/REF_MTR_48V30A_GaN/Custom/ext/mtb_shared/mtb-xmclib-cat3/release-v4.3.0/XMCLib/src/xmc_uart.o
                0x0802656c                XMC_UART_CH_InitEx
 .text.XMC_UART_CH_Transmit
                0x080265f0       0x24 C:/Users/xiaol/mtw32_matchbox_150/motor_ctrl_app/Build/TARGET-GCC/CustomRFO/REF_MTR_48V30A_GaN/Custom/ext/mtb_shared/mtb-xmclib-cat3/release-v4.3.0/XMCLib/src/xmc_uart.o
                0x080265f0                XMC_UART_CH_Transmit
 .text.XMC_UART_CH_GetReceivedData
                0x08026614       0x14 C:/Users/xiaol/mtw32_matchbox_150/motor_ctrl_app/Build/TARGET-GCC/CustomRFO/REF_MTR_48V30A_GaN/Custom/ext/mtb_shared/mtb-xmclib-cat3/release-v4.3.0/XMCLib/src/xmc_uart.o
                0x08026614                XMC_UART_CH_GetReceivedData
 .text.XMC_USIC_CH_Enable
                0x08026628       0x90 C:/Users/xiaol/mtw32_matchbox_150/motor_ctrl_app/Build/TARGET-GCC/CustomRFO/REF_MTR_48V30A_GaN/Custom/ext/mtb_shared/mtb-xmclib-cat3/release-v4.3.0/XMCLib/src/xmc_usic.o
                0x08026628                XMC_USIC_CH_Enable
 .text.XMC_USIC_CH_SetBaudrate
                0x080266b8       0x94 C:/Users/xiaol/mtw32_matchbox_150/motor_ctrl_app/Build/TARGET-GCC/CustomRFO/REF_MTR_48V30A_GaN/Custom/ext/mtb_shared/mtb-xmclib-cat3/release-v4.3.0/XMCLib/src/xmc_usic.o
                0x080266b8                XMC_USIC_CH_SetBaudrate
 .text.XMC_USIC_CH_SetBaudrateEx
                0x0802674c       0x98 C:/Users/xiaol/mtw32_matchbox_150/motor_ctrl_app/Build/TARGET-GCC/CustomRFO/REF_MTR_48V30A_GaN/Custom/ext/mtb_shared/mtb-xmclib-cat3/release-v4.3.0/XMCLib/src/xmc_usic.o
                0x0802674c                XMC_USIC_CH_SetBaudrateEx
 .text.XMC_USIC_CH_SetBaudrateDivider
                0x080267e4       0x30 C:/Users/xiaol/mtw32_matchbox_150/motor_ctrl_app/Build/TARGET-GCC/CustomRFO/REF_MTR_48V30A_GaN/Custom/ext/mtb_shared/mtb-xmclib-cat3/release-v4.3.0/XMCLib/src/xmc_usic.o
                0x080267e4                XMC_USIC_CH_SetBaudrateDivider
 .text.XMC_VADC_GLOBAL_Init
                0x08026814       0x3c C:/Users/xiaol/mtw32_matchbox_150/motor_ctrl_app/Build/TARGET-GCC/CustomRFO/REF_MTR_48V30A_GaN/Custom/ext/mtb_shared/mtb-xmclib-cat3/release-v4.3.0/XMCLib/src/xmc_vadc.o
                0x08026814                XMC_VADC_GLOBAL_Init
 .text.XMC_VADC_GLOBAL_BindGroupToEMux
                0x08026850       0x24 C:/Users/xiaol/mtw32_matchbox_150/motor_ctrl_app/Build/TARGET-GCC/CustomRFO/REF_MTR_48V30A_GaN/Custom/ext/mtb_shared/mtb-xmclib-cat3/release-v4.3.0/XMCLib/src/xmc_vadc.o
                0x08026850                XMC_VADC_GLOBAL_BindGroupToEMux
 .text.XMC_VADC_GROUP_Init
                0x08026874       0xe8 C:/Users/xiaol/mtw32_matchbox_150/motor_ctrl_app/Build/TARGET-GCC/CustomRFO/REF_MTR_48V30A_GaN/Custom/ext/mtb_shared/mtb-xmclib-cat3/release-v4.3.0/XMCLib/src/xmc_vadc.o
                0x08026874                XMC_VADC_GROUP_Init
 .text.XMC_VADC_GROUP_SetPowerMode
                0x0802695c       0x10 C:/Users/xiaol/mtw32_matchbox_150/motor_ctrl_app/Build/TARGET-GCC/CustomRFO/REF_MTR_48V30A_GaN/Custom/ext/mtb_shared/mtb-xmclib-cat3/release-v4.3.0/XMCLib/src/xmc_vadc.o
                0x0802695c                XMC_VADC_GROUP_SetPowerMode
 .text.XMC_VADC_GROUP_QueueInit
                0x0802696c       0x90 C:/Users/xiaol/mtw32_matchbox_150/motor_ctrl_app/Build/TARGET-GCC/CustomRFO/REF_MTR_48V30A_GaN/Custom/ext/mtb_shared/mtb-xmclib-cat3/release-v4.3.0/XMCLib/src/xmc_vadc.o
                0x0802696c                XMC_VADC_GROUP_QueueInit
 .text.XMC_VADC_GROUP_QueueSetReqSrcEventInterruptNode
                0x080269fc       0x10 C:/Users/xiaol/mtw32_matchbox_150/motor_ctrl_app/Build/TARGET-GCC/CustomRFO/REF_MTR_48V30A_GaN/Custom/ext/mtb_shared/mtb-xmclib-cat3/release-v4.3.0/XMCLib/src/xmc_vadc.o
                0x080269fc                XMC_VADC_GROUP_QueueSetReqSrcEventInterruptNode
 .text.XMC_VADC_GROUP_ChannelInit
                0x08026a0c       0x8c C:/Users/xiaol/mtw32_matchbox_150/motor_ctrl_app/Build/TARGET-GCC/CustomRFO/REF_MTR_48V30A_GaN/Custom/ext/mtb_shared/mtb-xmclib-cat3/release-v4.3.0/XMCLib/src/xmc_vadc.o
                0x08026a0c                XMC_VADC_GROUP_ChannelInit
 .text._write   0x08026a98       0x2c C:/Users/xiaol/mtw32_matchbox_150/motor_ctrl_app/Build/TARGET-GCC/CustomRFO/REF_MTR_48V30A_GaN/Custom/ext/mtb_shared/retarget-io-cat3/release-v1.1.0/cy_retarget_io.o
                0x08026a98                _write
 .text._read    0x08026ac4       0x54 C:/Users/xiaol/mtw32_matchbox_150/motor_ctrl_app/Build/TARGET-GCC/CustomRFO/REF_MTR_48V30A_GaN/Custom/ext/mtb_shared/retarget-io-cat3/release-v1.1.0/cy_retarget_io.o
                0x08026ac4                _read
 .text.cy_retarget_io_init
                0x08026b18        0xc C:/Users/xiaol/mtw32_matchbox_150/motor_ctrl_app/Build/TARGET-GCC/CustomRFO/REF_MTR_48V30A_GaN/Custom/ext/mtb_shared/retarget-io-cat3/release-v1.1.0/cy_retarget_io.o
                0x08026b18                cy_retarget_io_init
 .text.asinf    0x08026b24       0x58 c:/users/xiaol/modustoolbox/tools_3.2/gcc/bin/../lib/gcc/arm-none-eabi/11.3.1/thumb/v7e-m+fp/hard\libm.a(libm_a-wf_asin.o)
                0x08026b24                asinf
 .text.atanf    0x08026b7c      0x1b4 c:/users/xiaol/modustoolbox/tools_3.2/gcc/bin/../lib/gcc/arm-none-eabi/11.3.1/thumb/v7e-m+fp/hard\libm.a(libm_a-sf_atan.o)
                0x08026b7c                atanf
 .text.fabsf    0x08026d30       0x10 c:/users/xiaol/modustoolbox/tools_3.2/gcc/bin/../lib/gcc/arm-none-eabi/11.3.1/thumb/v7e-m+fp/hard\libm.a(libm_a-sf_fabs.o)
                0x08026d30                fabsf
 .text.sinf     0x08026d40       0x74 c:/users/xiaol/modustoolbox/tools_3.2/gcc/bin/../lib/gcc/arm-none-eabi/11.3.1/thumb/v7e-m+fp/hard\libm.a(libm_a-sf_sin.o)
                0x08026d40                sinf
 .text.nanf     0x08026db4        0xc c:/users/xiaol/modustoolbox/tools_3.2/gcc/bin/../lib/gcc/arm-none-eabi/11.3.1/thumb/v7e-m+fp/hard\libm.a(libm_a-sf_nan.o)
                0x08026db4                nanf
 .text.__kernel_cosf
                0x08026dc0      0x104 c:/users/xiaol/modustoolbox/tools_3.2/gcc/bin/../lib/gcc/arm-none-eabi/11.3.1/thumb/v7e-m+fp/hard\libm.a(libm_a-kf_cos.o)
                0x08026dc0                __kernel_cosf
 .text.__kernel_sinf
                0x08026ec4       0x90 c:/users/xiaol/modustoolbox/tools_3.2/gcc/bin/../lib/gcc/arm-none-eabi/11.3.1/thumb/v7e-m+fp/hard\libm.a(libm_a-kf_sin.o)
                0x08026ec4                __kernel_sinf
 .text.__ieee754_asinf
                0x08026f54      0x20c c:/users/xiaol/modustoolbox/tools_3.2/gcc/bin/../lib/gcc/arm-none-eabi/11.3.1/thumb/v7e-m+fp/hard\libm.a(libm_a-ef_asin.o)
                0x08026f54                __ieee754_asinf
 .text.__ieee754_rem_pio2f
                0x08027160      0x260 c:/users/xiaol/modustoolbox/tools_3.2/gcc/bin/../lib/gcc/arm-none-eabi/11.3.1/thumb/v7e-m+fp/hard\libm.a(libm_a-ef_rem_pio2.o)
                0x08027160                __ieee754_rem_pio2f
 .text.__ieee754_sqrtf
                0x080273c0        0x8 c:/users/xiaol/modustoolbox/tools_3.2/gcc/bin/../lib/gcc/arm-none-eabi/11.3.1/thumb/v7e-m+fp/hard\libm.a(libm_a-ef_sqrt.o)
                0x080273c0                __ieee754_sqrtf
 .text.__kernel_rem_pio2f
                0x080273c8      0x658 c:/users/xiaol/modustoolbox/tools_3.2/gcc/bin/../lib/gcc/arm-none-eabi/11.3.1/thumb/v7e-m+fp/hard\libm.a(libm_a-kf_rem_pio2.o)
                0x080273c8                __kernel_rem_pio2f
 .text.scalbnf  0x08027a20       0xe8 c:/users/xiaol/modustoolbox/tools_3.2/gcc/bin/../lib/gcc/arm-none-eabi/11.3.1/thumb/v7e-m+fp/hard\libm.a(libm_a-sf_scalbn.o)
                0x08027a20                scalbnf
 .text.floorf   0x08027b08       0x90 c:/users/xiaol/modustoolbox/tools_3.2/gcc/bin/../lib/gcc/arm-none-eabi/11.3.1/thumb/v7e-m+fp/hard\libm.a(libm_a-sf_floor.o)
                0x08027b08                floorf
 .text._puts_r  0x08027b98       0xa8 c:/users/xiaol/modustoolbox/tools_3.2/gcc/bin/../lib/gcc/arm-none-eabi/11.3.1/thumb/v7e-m+fp/hard\libg_nano.a(libc_a-puts.o)
                0x08027b98                _puts_r
 .text.puts     0x08027c40       0x10 c:/users/xiaol/modustoolbox/tools_3.2/gcc/bin/../lib/gcc/arm-none-eabi/11.3.1/thumb/v7e-m+fp/hard\libg_nano.a(libc_a-puts.o)
                0x08027c40                puts
 .text.__swbuf_r
                0x08027c50       0x7a c:/users/xiaol/modustoolbox/tools_3.2/gcc/bin/../lib/gcc/arm-none-eabi/11.3.1/thumb/v7e-m+fp/hard\libg_nano.a(libc_a-wbuf.o)
                0x08027c50                __swbuf_r
 *fill*         0x08027cca        0x2 
 .text.__swsetup_r
                0x08027ccc       0xb0 c:/users/xiaol/modustoolbox/tools_3.2/gcc/bin/../lib/gcc/arm-none-eabi/11.3.1/thumb/v7e-m+fp/hard\libg_nano.a(libc_a-wsetup.o)
                0x08027ccc                __swsetup_r
 .text.memcmp   0x08027d7c       0x20 c:/users/xiaol/modustoolbox/tools_3.2/gcc/bin/../lib/gcc/arm-none-eabi/11.3.1/thumb/v7e-m+fp/hard\libg_nano.a(libc_a-memcmp.o)
                0x08027d7c                memcmp
 .text.memset   0x08027d9c       0x10 c:/users/xiaol/modustoolbox/tools_3.2/gcc/bin/../lib/gcc/arm-none-eabi/11.3.1/thumb/v7e-m+fp/hard\libg_nano.a(libc_a-memset.o)
                0x08027d9c                memset
 .text.__errno  0x08027dac        0xc c:/users/xiaol/modustoolbox/tools_3.2/gcc/bin/../lib/gcc/arm-none-eabi/11.3.1/thumb/v7e-m+fp/hard\libg_nano.a(libc_a-errno.o)
                0x08027dac                __errno
 .text.__libc_init_array
                0x08027db8       0x48 c:/users/xiaol/modustoolbox/tools_3.2/gcc/bin/../lib/gcc/arm-none-eabi/11.3.1/thumb/v7e-m+fp/hard\libg_nano.a(libc_a-init.o)
                0x08027db8                __libc_init_array
 .text.__retarget_lock_acquire_recursive
                0x08027e00        0x2 c:/users/xiaol/modustoolbox/tools_3.2/gcc/bin/../lib/gcc/arm-none-eabi/11.3.1/thumb/v7e-m+fp/hard\libg_nano.a(libc_a-lock.o)
                0x08027e00                __retarget_lock_acquire_recursive
 .text.__retarget_lock_release_recursive
                0x08027e02        0x2 c:/users/xiaol/modustoolbox/tools_3.2/gcc/bin/../lib/gcc/arm-none-eabi/11.3.1/thumb/v7e-m+fp/hard\libg_nano.a(libc_a-lock.o)
                0x08027e02                __retarget_lock_release_recursive
 .text._free_r  0x08027e04       0x98 c:/users/xiaol/modustoolbox/tools_3.2/gcc/bin/../lib/gcc/arm-none-eabi/11.3.1/thumb/v7e-m+fp/hard\libg_nano.a(libc_a-freer.o)
                0x08027e04                _free_r
 .text.sbrk_aligned
                0x08027e9c       0x40 c:/users/xiaol/modustoolbox/tools_3.2/gcc/bin/../lib/gcc/arm-none-eabi/11.3.1/thumb/v7e-m+fp/hard\libg_nano.a(libc_a-mallocr.o)
 .text._malloc_r
                0x08027edc       0xec c:/users/xiaol/modustoolbox/tools_3.2/gcc/bin/../lib/gcc/arm-none-eabi/11.3.1/thumb/v7e-m+fp/hard\libg_nano.a(libc_a-mallocr.o)
                0x08027edc                _malloc_r
 .text.__malloc_lock
                0x08027fc8        0xc c:/users/xiaol/modustoolbox/tools_3.2/gcc/bin/../lib/gcc/arm-none-eabi/11.3.1/thumb/v7e-m+fp/hard\libg_nano.a(libc_a-mlock.o)
                0x08027fc8                __malloc_lock
 .text.__malloc_unlock
                0x08027fd4        0xc c:/users/xiaol/modustoolbox/tools_3.2/gcc/bin/../lib/gcc/arm-none-eabi/11.3.1/thumb/v7e-m+fp/hard\libg_nano.a(libc_a-mlock.o)
                0x08027fd4                __malloc_unlock
 .text.__sflush_r
                0x08027fe0      0x10c c:/users/xiaol/modustoolbox/tools_3.2/gcc/bin/../lib/gcc/arm-none-eabi/11.3.1/thumb/v7e-m+fp/hard\libg_nano.a(libc_a-fflush.o)
                0x08027fe0                __sflush_r
 .text._fflush_r
                0x080280ec       0x50 c:/users/xiaol/modustoolbox/tools_3.2/gcc/bin/../lib/gcc/arm-none-eabi/11.3.1/thumb/v7e-m+fp/hard\libg_nano.a(libc_a-fflush.o)
                0x080280ec                _fflush_r
 .text.std      0x0802813c       0x48 c:/users/xiaol/modustoolbox/tools_3.2/gcc/bin/../lib/gcc/arm-none-eabi/11.3.1/thumb/v7e-m+fp/hard\libg_nano.a(libc_a-findfp.o)
 .text.stdio_exit_handler
                0x08028184       0x18 c:/users/xiaol/modustoolbox/tools_3.2/gcc/bin/../lib/gcc/arm-none-eabi/11.3.1/thumb/v7e-m+fp/hard\libg_nano.a(libc_a-findfp.o)
 .text.cleanup_stdio
                0x0802819c       0x40 c:/users/xiaol/modustoolbox/tools_3.2/gcc/bin/../lib/gcc/arm-none-eabi/11.3.1/thumb/v7e-m+fp/hard\libg_nano.a(libc_a-findfp.o)
 .text.global_stdio_init.part.0
                0x080281dc       0x3c c:/users/xiaol/modustoolbox/tools_3.2/gcc/bin/../lib/gcc/arm-none-eabi/11.3.1/thumb/v7e-m+fp/hard\libg_nano.a(libc_a-findfp.o)
 .text.__sfp_lock_acquire
                0x08028218        0xc c:/users/xiaol/modustoolbox/tools_3.2/gcc/bin/../lib/gcc/arm-none-eabi/11.3.1/thumb/v7e-m+fp/hard\libg_nano.a(libc_a-findfp.o)
                0x08028218                __sfp_lock_acquire
 .text.__sfp_lock_release
                0x08028224        0xc c:/users/xiaol/modustoolbox/tools_3.2/gcc/bin/../lib/gcc/arm-none-eabi/11.3.1/thumb/v7e-m+fp/hard\libg_nano.a(libc_a-findfp.o)
                0x08028224                __sfp_lock_release
 .text.__sinit  0x08028230       0x30 c:/users/xiaol/modustoolbox/tools_3.2/gcc/bin/../lib/gcc/arm-none-eabi/11.3.1/thumb/v7e-m+fp/hard\libg_nano.a(libc_a-findfp.o)
                0x08028230                __sinit
 .text._fwalk_sglue
                0x08028260       0x3c c:/users/xiaol/modustoolbox/tools_3.2/gcc/bin/../lib/gcc/arm-none-eabi/11.3.1/thumb/v7e-m+fp/hard\libg_nano.a(libc_a-fwalk.o)
                0x08028260                _fwalk_sglue
 .text.__swhatbuf_r
                0x0802829c       0x4c c:/users/xiaol/modustoolbox/tools_3.2/gcc/bin/../lib/gcc/arm-none-eabi/11.3.1/thumb/v7e-m+fp/hard\libg_nano.a(libc_a-makebuf.o)
                0x0802829c                __swhatbuf_r
 .text.__smakebuf_r
                0x080282e8       0x78 c:/users/xiaol/modustoolbox/tools_3.2/gcc/bin/../lib/gcc/arm-none-eabi/11.3.1/thumb/v7e-m+fp/hard\libg_nano.a(libc_a-makebuf.o)
                0x080282e8                __smakebuf_r
 .text.__sread  0x08028360       0x22 c:/users/xiaol/modustoolbox/tools_3.2/gcc/bin/../lib/gcc/arm-none-eabi/11.3.1/thumb/v7e-m+fp/hard\libg_nano.a(libc_a-stdio.o)
                0x08028360                __sread
 .text.__swrite
                0x08028382       0x38 c:/users/xiaol/modustoolbox/tools_3.2/gcc/bin/../lib/gcc/arm-none-eabi/11.3.1/thumb/v7e-m+fp/hard\libg_nano.a(libc_a-stdio.o)
                0x08028382                __swrite
 .text.__sseek  0x080283ba       0x24 c:/users/xiaol/modustoolbox/tools_3.2/gcc/bin/../lib/gcc/arm-none-eabi/11.3.1/thumb/v7e-m+fp/hard\libg_nano.a(libc_a-stdio.o)
                0x080283ba                __sseek
 .text.__sclose
                0x080283de        0x8 c:/users/xiaol/modustoolbox/tools_3.2/gcc/bin/../lib/gcc/arm-none-eabi/11.3.1/thumb/v7e-m+fp/hard\libg_nano.a(libc_a-stdio.o)
                0x080283de                __sclose
 *fill*         0x080283e6        0x2 
 .text._close_r
                0x080283e8       0x20 c:/users/xiaol/modustoolbox/tools_3.2/gcc/bin/../lib/gcc/arm-none-eabi/11.3.1/thumb/v7e-m+fp/hard\libg_nano.a(libc_a-closer.o)
                0x080283e8                _close_r
 .text._fstat_r
                0x08028408       0x24 c:/users/xiaol/modustoolbox/tools_3.2/gcc/bin/../lib/gcc/arm-none-eabi/11.3.1/thumb/v7e-m+fp/hard\libg_nano.a(libc_a-fstatr.o)
                0x08028408                _fstat_r
 .text._isatty_r
                0x0802842c       0x20 c:/users/xiaol/modustoolbox/tools_3.2/gcc/bin/../lib/gcc/arm-none-eabi/11.3.1/thumb/v7e-m+fp/hard\libg_nano.a(libc_a-isattyr.o)
                0x0802842c                _isatty_r
 .text._lseek_r
                0x0802844c       0x24 c:/users/xiaol/modustoolbox/tools_3.2/gcc/bin/../lib/gcc/arm-none-eabi/11.3.1/thumb/v7e-m+fp/hard\libg_nano.a(libc_a-lseekr.o)
                0x0802844c                _lseek_r
 .text._read_r  0x08028470       0x24 c:/users/xiaol/modustoolbox/tools_3.2/gcc/bin/../lib/gcc/arm-none-eabi/11.3.1/thumb/v7e-m+fp/hard\libg_nano.a(libc_a-readr.o)
                0x08028470                _read_r
 .text._sbrk_r  0x08028494       0x20 c:/users/xiaol/modustoolbox/tools_3.2/gcc/bin/../lib/gcc/arm-none-eabi/11.3.1/thumb/v7e-m+fp/hard\libg_nano.a(libc_a-sbrkr.o)
                0x08028494                _sbrk_r
 .text._write_r
                0x080284b4       0x24 c:/users/xiaol/modustoolbox/tools_3.2/gcc/bin/../lib/gcc/arm-none-eabi/11.3.1/thumb/v7e-m+fp/hard\libg_nano.a(libc_a-writer.o)
                0x080284b4                _write_r
 .text._close   0x080284d8       0x10 c:/users/xiaol/modustoolbox/tools_3.2/gcc/bin/../lib/gcc/arm-none-eabi/11.3.1/thumb/v7e-m+fp/hard\libnosys.a(close.o)
                0x080284d8                _close
 .text._fstat   0x080284e8       0x10 c:/users/xiaol/modustoolbox/tools_3.2/gcc/bin/../lib/gcc/arm-none-eabi/11.3.1/thumb/v7e-m+fp/hard\libnosys.a(fstat.o)
                0x080284e8                _fstat
 .text._isatty  0x080284f8       0x10 c:/users/xiaol/modustoolbox/tools_3.2/gcc/bin/../lib/gcc/arm-none-eabi/11.3.1/thumb/v7e-m+fp/hard\libnosys.a(isatty.o)
                0x080284f8                _isatty
 .text._lseek   0x08028508       0x10 c:/users/xiaol/modustoolbox/tools_3.2/gcc/bin/../lib/gcc/arm-none-eabi/11.3.1/thumb/v7e-m+fp/hard\libnosys.a(lseek.o)
                0x08028508                _lseek
 *(.init)
 *(.fini)
 *crtbegin.o(.ctors)
 *crtbegin?.o(.ctors)
 *(EXCLUDE_FILE(*crtend.o *crtend?.o) .ctors)
 *(SORT_BY_NAME(.ctors.*))
 *(.ctors)
 *crtbegin.o(.dtors)
 *crtbegin?.o(.dtors)
 *(EXCLUDE_FILE(*crtend.o *crtend?.o) .dtors)
 *(SORT_BY_NAME(.dtors.*))
 *(.dtors)
 *(.rodata .rodata.*)
 .rodata.DMA_ADC_0_config
                0x08028518       0x24 C:/Users/xiaol/mtw32_matchbox_150/motor_ctrl_app/Build/TARGET-GCC/CustomRFO/REF_MTR_48V30A_GaN/Custom/bsps/TARGET_REF_MTR_48V30A_GaN/config/GeneratedSource/cycfg_dmas.o
                0x08028518                DMA_ADC_0_config
 .rodata.ADC0_CH_IV_config
                0x0802853c       0x10 C:/Users/xiaol/mtw32_matchbox_150/motor_ctrl_app/Build/TARGET-GCC/CustomRFO/REF_MTR_48V30A_GaN/Custom/bsps/TARGET_REF_MTR_48V30A_GaN/config/GeneratedSource/cycfg_peripherals.o
                0x0802853c                ADC0_CH_IV_config
 .rodata.ADC0_CH_IW_config
                0x0802854c       0x10 C:/Users/xiaol/mtw32_matchbox_150/motor_ctrl_app/Build/TARGET-GCC/CustomRFO/REF_MTR_48V30A_GaN/Custom/bsps/TARGET_REF_MTR_48V30A_GaN/config/GeneratedSource/cycfg_peripherals.o
                0x0802854c                ADC0_CH_IW_config
 .rodata.ADC0_CH_TEMP_config
                0x0802855c       0x10 C:/Users/xiaol/mtw32_matchbox_150/motor_ctrl_app/Build/TARGET-GCC/CustomRFO/REF_MTR_48V30A_GaN/Custom/bsps/TARGET_REF_MTR_48V30A_GaN/config/GeneratedSource/cycfg_peripherals.o